<html>
<body>
<pre>
<h1>µVision Build Log</h1>
<h2>Tool Versions:</h2>
IDE-Version: ¶ÃVision V5.28.0.0
Copyright (C) 2019 ARM Ltd and ARM Germany GmbH. All rights reserved.
License Information:  ,  , LIC=BL2BS-LH6DF-WKDB8-3Q91D-Y7SG5-JKRTK
 
Tool Versions:
Toolchain:       MDK-ARM Professional  Version: 5.28.0.0
Toolchain Path:  E:\Keil_v5\ARM\ARMCC\Bin
C Compiler:      Armcc.exe V5.06 update 6 (build 750)
Assembler:       Armasm.exe V5.06 update 6 (build 750)
Linker/Locator:  ArmLink.exe V5.06 update 6 (build 750)
Library Manager: ArmAr.exe V5.06 update 6 (build 750)
Hex Converter:   FromElf.exe V5.06 update 6 (build 750)
CPU DLL:         SARMCM3.DLL V5.28.0.0
Dialog DLL:      DCM.DLL V1.17.3.0
Target DLL:      CMSIS_AGDI.dll V1.31.18.0
Dialog DLL:      TCM.DLL V1.36.2.0
 
<h2>Project:</h2>
C:\Users\Moyu\Desktop\±œ“µ…Ëº∆\QR-Code\Project\YH-F429.uvprojx
Project File Date:  11/06/2019

<h2>Output:</h2>
*** Using Compiler 'V5.06 update 6 (build 750)', folder: 'E:\Keil_v5\ARM\ARMCC\Bin'
Rebuild target 'QR-DECODER'
assembling startup_stm32f429xx.s...
compiling stm32f4xx_hal.c...
compiling stm32f4xx_hal_cortex.c...
compiling stm32f4xx_hal_can.c...
compiling stm32f4xx_hal_dac.c...
compiling stm32f4xx_hal_cryp_ex.c...
compiling stm32f4xx_hal_cryp.c...
compiling system_stm32f4xx.c...
compiling stm32f4xx_hal_cec.c...
compiling stm32f4xx_hal_adc_ex.c...
compiling stm32f4xx_hal_crc.c...
compiling stm32f4xx_hal_dac_ex.c...
compiling stm32f4xx_hal_adc.c...
compiling stm32f4xx_hal_dcmi.c...
compiling stm32f4xx_hal_dfsdm.c...
compiling stm32f4xx_hal_fmpi2c.c...
compiling stm32f4xx_hal_dcmi_ex.c...
compiling stm32f4xx_hal_dsi.c...
compiling stm32f4xx_hal_flash_ex.c...
compiling stm32f4xx_hal_dma.c...
compiling stm32f4xx_hal_flash_ramfunc.c...
compiling stm32f4xx_hal_flash.c...
compiling stm32f4xx_hal_dma2d.c...
compiling stm32f4xx_hal_eth.c...
compiling stm32f4xx_hal_dma_ex.c...
compiling stm32f4xx_hal_fmpi2c_ex.c...
compiling stm32f4xx_hal_gpio.c...
compiling stm32f4xx_hal_i2c_ex.c...
compiling stm32f4xx_hal_lptim.c...
compiling stm32f4xx_hal_hash_ex.c...
compiling stm32f4xx_hal_iwdg.c...
compiling stm32f4xx_hal_irda.c...
compiling stm32f4xx_hal_i2s.c...
compiling stm32f4xx_hal_hcd.c...
compiling stm32f4xx_hal_hash.c...
compiling stm32f4xx_hal_i2s_ex.c...
compiling stm32f4xx_hal_i2c.c...
compiling stm32f4xx_hal_ltdc.c...
compiling stm32f4xx_hal_ltdc_ex.c...
compiling stm32f4xx_hal_nor.c...
compiling stm32f4xx_hal_pcd.c...
compiling stm32f4xx_hal_pwr_ex.c...
compiling stm32f4xx_hal_nand.c...
compiling stm32f4xx_hal_pcd_ex.c...
compiling stm32f4xx_hal_qspi.c...
compiling stm32f4xx_hal_pccard.c...
compiling stm32f4xx_hal_mmc.c...
compiling stm32f4xx_hal_pwr.c...
compiling stm32f4xx_hal_rcc_ex.c...
compiling stm32f4xx_hal_rcc.c...
compiling stm32f4xx_hal_sai.c...
compiling stm32f4xx_hal_sdram.c...
compiling stm32f4xx_hal_sram.c...
compiling stm32f4xx_hal_spdifrx.c...
compiling stm32f4xx_hal_rng.c...
compiling stm32f4xx_hal_sd.c...
compiling stm32f4xx_hal_rtc_ex.c...
compiling stm32f4xx_hal_smartcard.c...
compiling stm32f4xx_hal_sai_ex.c...
compiling stm32f4xx_hal_rtc.c...
compiling stm32f4xx_hal_spi.c...
compiling stm32f4xx_hal_usart.c...
compiling stm32f4xx_ll_fmc.c...
compiling stm32f4xx_hal_wwdg.c...
compiling stm32f4xx_ll_sdmmc.c...
compiling stm32f4xx_hal_tim.c...
compiling stm32f4xx_hal_tim_ex.c...
compiling stm32f4xx_hal_uart.c...
compiling stm32f4xx_it.c...
compiling main.c...
compiling bsp_debug_usart.c...
compiling stm32f4xx_ll_usb.c...
compiling bsp_led.c...
compiling bsp_beep.c...
compiling bsp_sdram.c...
compiling bsp_ov5640.c...
compiling bsp_spi_flash.c...
compiling ov5640_AF.c...
compiling QR_Decoder_user.c...
compiling bsp_i2c.c...
compiling bsp_lcd.c...
linking...
Program Size: Code=86360 RO-data=17228 RW-data=5484 ZI-data=880916  
FromELF: creating hex file...
"..\Output\YH-F429.axf" - 0 Error(s), 0 Warning(s).

<h2>Software Packages used:</h2>

Package Vendor: Keil
                http://www.keil.com/pack/Keil.STM32F4xx_DFP.2.14.0.pack
                Keil.STM32F4xx_DFP.2.14.0
                STMicroelectronics STM32F4 Series Device Support, Drivers and Examples

<h2>Collection of Component include folders:</h2>
  .\RTE\_QR-DECODER
  E:\Keil_v5\Local\Arm\Packs\Keil\STM32F4xx_DFP\2.14.0\Drivers\CMSIS\Device\ST\STM32F4xx\Include

<h2>Collection of Component Files used:</h2>
Build Time Elapsed:  00:01:13
</pre>
</body>
</html>
