Component: ARM Compiler 5.06 update 6 (build 750) Tool: armlink [4d35ed]

==============================================================================

Section Cross References

    startup_stm32f429xx.o(RESET) refers to startup_stm32f429xx.o(STACK) for __initial_sp
    startup_stm32f429xx.o(RESET) refers to startup_stm32f429xx.o(.text) for Reset_Handler
    startup_stm32f429xx.o(RESET) refers to stm32f4xx_it.o(i.NMI_Handler) for NMI_Handler
    startup_stm32f429xx.o(RESET) refers to stm32f4xx_it.o(i.HardFault_Handler) for HardFault_Handler
    startup_stm32f429xx.o(RESET) refers to stm32f4xx_it.o(i.MemManage_Handler) for MemManage_Handler
    startup_stm32f429xx.o(RESET) refers to stm32f4xx_it.o(i.BusFault_Handler) for BusFault_Handler
    startup_stm32f429xx.o(RESET) refers to stm32f4xx_it.o(i.UsageFault_Handler) for UsageFault_Handler
    startup_stm32f429xx.o(RESET) refers to stm32f4xx_it.o(i.SVC_Handler) for SVC_Handler
    startup_stm32f429xx.o(RESET) refers to stm32f4xx_it.o(i.DebugMon_Handler) for DebugMon_Handler
    startup_stm32f429xx.o(RESET) refers to stm32f4xx_it.o(i.PendSV_Handler) for PendSV_Handler
    startup_stm32f429xx.o(RESET) refers to stm32f4xx_it.o(i.SysTick_Handler) for SysTick_Handler
    startup_stm32f429xx.o(RESET) refers to bsp_debug_usart.o(i.USART1_IRQHandler) for USART1_IRQHandler
    startup_stm32f429xx.o(RESET) refers to stm32f4xx_it.o(i.DMA2_Stream1_IRQHandler) for DMA2_Stream1_IRQHandler
    startup_stm32f429xx.o(RESET) refers to stm32f4xx_it.o(i.DCMI_IRQHandler) for DCMI_IRQHandler
    startup_stm32f429xx.o(.text) refers to system_stm32f4xx.o(i.SystemInit) for SystemInit
    startup_stm32f429xx.o(.text) refers to entry.o(.ARM.Collect$$$$00000000) for __main
    system_stm32f4xx.o(i.SystemCoreClockUpdate) refers to system_stm32f4xx.o(.data) for .data
    system_stm32f4xx.o(i.SystemCoreClockUpdate) refers to system_stm32f4xx.o(.constdata) for .constdata
    stm32f4xx_hal.o(i.HAL_DeInit) refers to stm32f4xx_hal.o(i.HAL_MspDeInit) for HAL_MspDeInit
    stm32f4xx_hal.o(i.HAL_Delay) refers to stm32f4xx_hal.o(i.HAL_GetTick) for HAL_GetTick
    stm32f4xx_hal.o(i.HAL_Delay) refers to stm32f4xx_hal.o(.data) for .data
    stm32f4xx_hal.o(i.HAL_GetTick) refers to stm32f4xx_hal.o(.data) for .data
    stm32f4xx_hal.o(i.HAL_GetTickFreq) refers to stm32f4xx_hal.o(.data) for .data
    stm32f4xx_hal.o(i.HAL_GetTickPrio) refers to stm32f4xx_hal.o(.data) for .data
    stm32f4xx_hal.o(i.HAL_IncTick) refers to stm32f4xx_hal.o(.data) for .data
    stm32f4xx_hal.o(i.HAL_Init) refers to stm32f4xx_hal_cortex.o(i.HAL_NVIC_SetPriorityGrouping) for HAL_NVIC_SetPriorityGrouping
    stm32f4xx_hal.o(i.HAL_Init) refers to stm32f4xx_hal.o(i.HAL_InitTick) for HAL_InitTick
    stm32f4xx_hal.o(i.HAL_Init) refers to stm32f4xx_hal.o(i.HAL_MspInit) for HAL_MspInit
    stm32f4xx_hal.o(i.HAL_InitTick) refers to stm32f4xx_hal_cortex.o(i.HAL_SYSTICK_Config) for HAL_SYSTICK_Config
    stm32f4xx_hal.o(i.HAL_InitTick) refers to stm32f4xx_hal_cortex.o(i.HAL_NVIC_SetPriority) for HAL_NVIC_SetPriority
    stm32f4xx_hal.o(i.HAL_InitTick) refers to stm32f4xx_hal.o(.data) for .data
    stm32f4xx_hal.o(i.HAL_InitTick) refers to system_stm32f4xx.o(.data) for SystemCoreClock
    stm32f4xx_hal.o(i.HAL_SetTickFreq) refers to stm32f4xx_hal.o(i.HAL_InitTick) for HAL_InitTick
    stm32f4xx_hal.o(i.HAL_SetTickFreq) refers to stm32f4xx_hal.o(.data) for .data
    stm32f4xx_hal_adc.o(i.ADC_DMAConvCplt) refers to stm32f4xx_hal_adc.o(i.HAL_ADC_ConvCpltCallback) for HAL_ADC_ConvCpltCallback
    stm32f4xx_hal_adc.o(i.ADC_DMAError) refers to stm32f4xx_hal_adc.o(i.HAL_ADC_ErrorCallback) for HAL_ADC_ErrorCallback
    stm32f4xx_hal_adc.o(i.ADC_DMAHalfConvCplt) refers to stm32f4xx_hal_adc.o(i.HAL_ADC_ConvHalfCpltCallback) for HAL_ADC_ConvHalfCpltCallback
    stm32f4xx_hal_adc.o(i.HAL_ADC_ConfigChannel) refers to system_stm32f4xx.o(.data) for SystemCoreClock
    stm32f4xx_hal_adc.o(i.HAL_ADC_DeInit) refers to stm32f4xx_hal_adc.o(i.HAL_ADC_MspDeInit) for HAL_ADC_MspDeInit
    stm32f4xx_hal_adc.o(i.HAL_ADC_IRQHandler) refers to stm32f4xx_hal_adc.o(i.HAL_ADC_ConvCpltCallback) for HAL_ADC_ConvCpltCallback
    stm32f4xx_hal_adc.o(i.HAL_ADC_IRQHandler) refers to stm32f4xx_hal_adc_ex.o(i.HAL_ADCEx_InjectedConvCpltCallback) for HAL_ADCEx_InjectedConvCpltCallback
    stm32f4xx_hal_adc.o(i.HAL_ADC_IRQHandler) refers to stm32f4xx_hal_adc.o(i.HAL_ADC_LevelOutOfWindowCallback) for HAL_ADC_LevelOutOfWindowCallback
    stm32f4xx_hal_adc.o(i.HAL_ADC_IRQHandler) refers to stm32f4xx_hal_adc.o(i.HAL_ADC_ErrorCallback) for HAL_ADC_ErrorCallback
    stm32f4xx_hal_adc.o(i.HAL_ADC_Init) refers to stm32f4xx_hal_adc.o(i.HAL_ADC_MspInit) for HAL_ADC_MspInit
    stm32f4xx_hal_adc.o(i.HAL_ADC_Init) refers to stm32f4xx_hal_adc.o(i.ADC_Init) for ADC_Init
    stm32f4xx_hal_adc.o(i.HAL_ADC_PollForConversion) refers to stm32f4xx_hal.o(i.HAL_GetTick) for HAL_GetTick
    stm32f4xx_hal_adc.o(i.HAL_ADC_PollForEvent) refers to stm32f4xx_hal.o(i.HAL_GetTick) for HAL_GetTick
[...]
    _microlib_exit                            - Undefined Weak Reference
    __Vectors_Size                           0x000001ac   Number         0  startup_stm32f429xx.o ABSOLUTE
    __Vectors                                0x08000000   Data           4  startup_stm32f429xx.o(RESET)
    __Vectors_End                            0x080001ac   Data           0  startup_stm32f429xx.o(RESET)
    __main                                   0x080001ad   Thumb Code     0  entry.o(.ARM.Collect$$$$00000000)
    _main_stk                                0x080001ad   Thumb Code     0  entry2.o(.ARM.Collect$$$$00000001)
    _main_scatterload                        0x080001b1   Thumb Code     0  entry5.o(.ARM.Collect$$$$00000004)
    __main_after_scatterload                 0x080001b5   Thumb Code     0  entry5.o(.ARM.Collect$$$$00000004)
    _main_clock                              0x080001b5   Thumb Code     0  entry7b.o(.ARM.Collect$$$$00000008)
    _main_cpp_init                           0x080001b5   Thumb Code     0  entry8b.o(.ARM.Collect$$$$0000000A)
    _main_init                               0x080001b5   Thumb Code     0  entry9a.o(.ARM.Collect$$$$0000000B)
    __rt_final_cpp                           0x080001bd   Thumb Code     0  entry10a.o(.ARM.Collect$$$$0000000D)
    __rt_final_exit                          0x080001bd   Thumb Code     0  entry11a.o(.ARM.Collect$$$$0000000F)
    Reset_Handler                            0x080001c1   Thumb Code     8  startup_stm32f429xx.o(.text)
    ADC_IRQHandler                           0x080001db   Thumb Code     0  startup_stm32f429xx.o(.text)
    CAN1_RX0_IRQHandler                      0x080001db   Thumb Code     0  startup_stm32f429xx.o(.text)
    CAN1_RX1_IRQHandler                      0x080001db   Thumb Code     0  startup_stm32f429xx.o(.text)
    CAN1_SCE_IRQHandler                      0x080001db   Thumb Code     0  startup_stm32f429xx.o(.text)
    CAN1_TX_IRQHandler                       0x080001db   Thumb Code     0  startup_stm32f429xx.o(.text)
    CAN2_RX0_IRQHandler                      0x080001db   Thumb Code     0  startup_stm32f429xx.o(.text)
    CAN2_RX1_IRQHandler                      0x080001db   Thumb Code     0  startup_stm32f429xx.o(.text)
    CAN2_SCE_IRQHandler                      0x080001db   Thumb Code     0  startup_stm32f429xx.o(.text)
    CAN2_TX_IRQHandler                       0x080001db   Thumb Code     0  startup_stm32f429xx.o(.text)
    DMA1_Stream0_IRQHandler                  0x080001db   Thumb Code     0  startup_stm32f429xx.o(.text)
    DMA1_Stream1_IRQHandler                  0x080001db   Thumb Code     0  startup_stm32f429xx.o(.text)
    DMA1_Stream2_IRQHandler                  0x080001db   Thumb Code     0  startup_stm32f429xx.o(.text)
    DMA1_Stream3_IRQHandler                  0x080001db   Thumb Code     0  startup_stm32f429xx.o(.text)
    DMA1_Stream4_IRQHandler                  0x080001db   Thumb Code     0  startup_stm32f429xx.o(.text)
    DMA1_Stream5_IRQHandler                  0x080001db   Thumb Code     0  startup_stm32f429xx.o(.text)
    DMA1_Stream6_IRQHandler                  0x080001db   Thumb Code     0  startup_stm32f429xx.o(.text)
    DMA1_Stream7_IRQHandler                  0x080001db   Thumb Code     0  startup_stm32f429xx.o(.text)
    DMA2D_IRQHandler                         0x080001db   Thumb Code     0  startup_stm32f429xx.o(.text)
    DMA2_Stream0_IRQHandler                  0x080001db   Thumb Code     0  startup_stm32f429xx.o(.text)
    DMA2_Stream2_IRQHandler                  0x080001db   Thumb Code     0  startup_stm32f429xx.o(.text)
    DMA2_Stream3_IRQHandler                  0x080001db   Thumb Code     0  startup_stm32f429xx.o(.text)
    DMA2_Stream4_IRQHandler                  0x080001db   Thumb Code     0  startup_stm32f429xx.o(.text)
    DMA2_Stream5_IRQHandler                  0x080001db   Thumb Code     0  startup_stm32f429xx.o(.text)
    DMA2_Stream6_IRQHandler                  0x080001db   Thumb Code     0  startup_stm32f429xx.o(.text)
    DMA2_Stream7_IRQHandler                  0x080001db   Thumb Code     0  startup_stm32f429xx.o(.text)
    ETH_IRQHandler                           0x080001db   Thumb Code     0  startup_stm32f429xx.o(.text)
    ETH_WKUP_IRQHandler                      0x080001db   Thumb Code     0  startup_stm32f429xx.o(.text)
    EXTI0_IRQHandler                         0x080001db   Thumb Code     0  startup_stm32f429xx.o(.text)
    EXTI15_10_IRQHandler                     0x080001db   Thumb Code     0  startup_stm32f429xx.o(.text)
    EXTI1_IRQHandler                         0x080001db   Thumb Code     0  startup_stm32f429xx.o(.text)
    EXTI2_IRQHandler                         0x080001db   Thumb Code     0  startup_stm32f429xx.o(.text)
    EXTI3_IRQHandler                         0x080001db   Thumb Code     0  startup_stm32f429xx.o(.text)
    EXTI4_IRQHandler                         0x080001db   Thumb Code     0  startup_stm32f429xx.o(.text)
    EXTI9_5_IRQHandler                       0x080001db   Thumb Code     0  startup_stm32f429xx.o(.text)
    FLASH_IRQHandler                         0x080001db   Thumb Code     0  startup_stm32f429xx.o(.text)
    FMC_IRQHandler                           0x080001db   Thumb Code     0  startup_stm32f429xx.o(.text)
    FPU_IRQHandler                           0x080001db   Thumb Code     0  startup_stm32f429xx.o(.text)
    HASH_RNG_IRQHandler                      0x080001db   Thumb Code     0  startup_stm32f429xx.o(.text)
    I2C1_ER_IRQHandler                       0x080001db   Thumb Code     0  startup_stm32f429xx.o(.text)
    I2C1_EV_IRQHandler                       0x080001db   Thumb Code     0  startup_stm32f429xx.o(.text)
    I2C2_ER_IRQHandler                       0x080001db   Thumb Code     0  startup_stm32f429xx.o(.text)
    I2C2_EV_IRQHandler                       0x080001db   Thumb Code     0  startup_stm32f429xx.o(.text)
    I2C3_ER_IRQHandler                       0x080001db   Thumb Code     0  startup_stm32f429xx.o(.text)
    I2C3_EV_IRQHandler                       0x080001db   Thumb Code     0  startup_stm32f429xx.o(.text)
    LTDC_ER_IRQHandler                       0x080001db   Thumb Code     0  startup_stm32f429xx.o(.text)
    LTDC_IRQHandler                          0x080001db   Thumb Code     0  startup_stm32f429xx.o(.text)
    OTG_FS_IRQHandler                        0x080001db   Thumb Code     0  startup_stm32f429xx.o(.text)
    OTG_FS_WKUP_IRQHandler                   0x080001db   Thumb Code     0  startup_stm32f429xx.o(.text)
    OTG_HS_EP1_IN_IRQHandler                 0x080001db   Thumb Code     0  startup_stm32f429xx.o(.text)
    OTG_HS_EP1_OUT_IRQHandler                0x080001db   Thumb Code     0  startup_stm32f429xx.o(.text)
    OTG_HS_IRQHandler                        0x080001db   Thumb Code     0  startup_stm32f429xx.o(.text)
    OTG_HS_WKUP_IRQHandler                   0x080001db   Thumb Code     0  startup_stm32f429xx.o(.text)
    PVD_IRQHandler                           0x080001db   Thumb Code     0  startup_stm32f429xx.o(.text)
    RCC_IRQHandler                           0x080001db   Thumb Code     0  startup_stm32f429xx.o(.text)
    RTC_Alarm_IRQHandler                     0x080001db   Thumb Code     0  startup_stm32f429xx.o(.text)
    RTC_WKUP_IRQHandler                      0x080001db   Thumb Code     0  startup_stm32f429xx.o(.text)
    SAI1_IRQHandler                          0x080001db   Thumb Code     0  startup_stm32f429xx.o(.text)
    SDIO_IRQHandler                          0x080001db   Thumb Code     0  startup_stm32f429xx.o(.text)
    SPI1_IRQHandler                          0x080001db   Thumb Code     0  startup_stm32f429xx.o(.text)
    SPI2_IRQHandler                          0x080001db   Thumb Code     0  startup_stm32f429xx.o(.text)
    SPI3_IRQHandler                          0x080001db   Thumb Code     0  startup_stm32f429xx.o(.text)
    SPI4_IRQHandler                          0x080001db   Thumb Code     0  startup_stm32f429xx.o(.text)
    SPI5_IRQHandler                          0x080001db   Thumb Code     0  startup_stm32f429xx.o(.text)
    SPI6_IRQHandler                          0x080001db   Thumb Code     0  startup_stm32f429xx.o(.text)
    TAMP_STAMP_IRQHandler                    0x080001db   Thumb Code     0  startup_stm32f429xx.o(.text)
    TIM1_BRK_TIM9_IRQHandler                 0x080001db   Thumb Code     0  startup_stm32f429xx.o(.text)
    TIM1_CC_IRQHandler                       0x080001db   Thumb Code     0  startup_stm32f429xx.o(.text)
    TIM1_TRG_COM_TIM11_IRQHandler            0x080001db   Thumb Code     0  startup_stm32f429xx.o(.text)
    TIM1_UP_TIM10_IRQHandler                 0x080001db   Thumb Code     0  startup_stm32f429xx.o(.text)
    TIM2_IRQHandler                          0x080001db   Thumb Code     0  startup_stm32f429xx.o(.text)
    TIM3_IRQHandler                          0x080001db   Thumb Code     0  startup_stm32f429xx.o(.text)
    TIM4_IRQHandler                          0x080001db   Thumb Code     0  startup_stm32f429xx.o(.text)
    TIM5_IRQHandler                          0x080001db   Thumb Code     0  startup_stm32f429xx.o(.text)
    TIM6_DAC_IRQHandler                      0x080001db   Thumb Code     0  startup_stm32f429xx.o(.text)
    TIM7_IRQHandler                          0x080001db   Thumb Code     0  startup_stm32f429xx.o(.text)
    TIM8_BRK_TIM12_IRQHandler                0x080001db   Thumb Code     0  startup_stm32f429xx.o(.text)
    TIM8_CC_IRQHandler                       0x080001db   Thumb Code     0  startup_stm32f429xx.o(.text)
    TIM8_TRG_COM_TIM14_IRQHandler            0x080001db   Thumb Code     0  startup_stm32f429xx.o(.text)
    TIM8_UP_TIM13_IRQHandler                 0x080001db   Thumb Code     0  startup_stm32f429xx.o(.text)
    UART4_IRQHandler                         0x080001db   Thumb Code     0  startup_stm32f429xx.o(.text)
    UART5_IRQHandler                         0x080001db   Thumb Code     0  startup_stm32f429xx.o(.text)
    UART7_IRQHandler                         0x080001db   Thumb Code     0  startup_stm32f429xx.o(.text)
    UART8_IRQHandler                         0x080001db   Thumb Code     0  startup_stm32f429xx.o(.text)
    USART2_IRQHandler                        0x080001db   Thumb Code     0  startup_stm32f429xx.o(.text)
    USART3_IRQHandler                        0x080001db   Thumb Code     0  startup_stm32f429xx.o(.text)
    USART6_IRQHandler                        0x080001db   Thumb Code     0  startup_stm32f429xx.o(.text)
    WWDG_IRQHandler                          0x080001db   Thumb Code     0  startup_stm32f429xx.o(.text)
    __aeabi_uldivmod                         0x080001e5   Thumb Code    98  uldiv.o(.text)
    __aeabi_ldivmod                          0x08000247   Thumb Code    98  ldiv.o(.text)
    __aeabi_lasr                             0x080002a9   Thumb Code    36  llsshr.o(.text)
    _ll_sshift_r                             0x080002a9   Thumb Code     0  llsshr.o(.text)
    qsort                                    0x080002cd   Thumb Code   156  qsort.o(.text)
    ___aeabi_memcpy8$move                    0x08000369   Thumb Code     0  memmovea.o(.text)
    __aeabi_memcpy                           0x08000369   Thumb Code    64  memmovea.o(.text)
    __aeabi_memcpy4                          0x08000369   Thumb Code     0  memmovea.o(.text)
    __aeabi_memmove                          0x08000369   Thumb Code     0  memmovea.o(.text)
    __aeabi_memmove4                         0x08000369   Thumb Code     0  memmovea.o(.text)
    __aeabi_memmove8                         0x08000369   Thumb Code     0  memmovea.o(.text)
    __aeabi_memset                           0x080003a9   Thumb Code    14  memseta.o(.text)
    __aeabi_memset4                          0x080003a9   Thumb Code     0  memseta.o(.text)
    __aeabi_memset8                          0x080003a9   Thumb Code     0  memseta.o(.text)
    __aeabi_memclr                           0x080003b7   Thumb Code     4  memseta.o(.text)
    __aeabi_memclr4                          0x080003b7   Thumb Code     0  memseta.o(.text)
    __aeabi_memclr8                          0x080003b7   Thumb Code     0  memseta.o(.text)
    _memset$wrapper                          0x080003bb   Thumb Code    18  memseta.o(.text)
    strlen                                   0x080003cd   Thumb Code    14  strlen.o(.text)
    memcmp                                   0x080003db   Thumb Code    26  memcmp.o(.text)
    calloc                                   0x080003f5   Thumb Code    28  calloc.o(.text)
    __aeabi_llsl                             0x08000411   Thumb Code    30  llshl.o(.text)
    _ll_shift_l                              0x08000411   Thumb Code     0  llshl.o(.text)
    __aeabi_llsr                             0x0800042f   Thumb Code    32  llushr.o(.text)
    _ll_ushift_r                             0x0800042f   Thumb Code     0  llushr.o(.text)
    __scatterload                            0x08000451   Thumb Code    28  init.o(.text)
    __scatterload_rt2                        0x08000451   Thumb Code     0  init.o(.text)
    __decompress                             0x08000475   Thumb Code     0  __dclz77c.o(.text)
    __decompress2                            0x08000475   Thumb Code    94  __dclz77c.o(.text)
    BEEP_GPIO_Config                         0x080004d5   Thumb Code    62  bsp_beep.o(i.BEEP_GPIO_Config)
    BEEP_Handler                             0x0800051d   Thumb Code   144  bsp_beep.o(i.BEEP_Handler)
    BusFault_Handler                         0x080005bd   Thumb Code     2  stm32f4xx_it.o(i.BusFault_Handler)
    DCMI_IRQHandler                          0x08000669   Thumb Code     6  stm32f4xx_it.o(i.DCMI_IRQHandler)
    DEBUG_USART_Config                       0x08000675   Thumb Code   166  bsp_debug_usart.o(i.DEBUG_USART_Config)
    DMA2_Stream1_IRQHandler                  0x080007c9   Thumb Code     6  stm32f4xx_it.o(i.DMA2_Stream1_IRQHandler)
    DebugMon_Handler                         0x080008c3   Thumb Code     2  stm32f4xx_it.o(i.DebugMon_Handler)
    FMC_SDRAM_Init                           0x080009d5   Thumb Code    82  stm32f4xx_ll_fmc.o(i.FMC_SDRAM_Init)
    FMC_SDRAM_ProgramRefreshRate             0x08000a27   Thumb Code    12  stm32f4xx_ll_fmc.o(i.FMC_SDRAM_ProgramRefreshRate)
    FMC_SDRAM_SendCommand                    0x08000a33   Thumb Code    70  stm32f4xx_ll_fmc.o(i.FMC_SDRAM_SendCommand)
    FMC_SDRAM_Timing_Init                    0x08000a79   Thumb Code   108  stm32f4xx_ll_fmc.o(i.FMC_SDRAM_Timing_Init)
    GetGBKCode_from_EXFlash                  0x08000ae9   Thumb Code    72  bsp_lcd.o(i.GetGBKCode_from_EXFlash)
    HAL_DCMI_ErrorCallback                   0x08000b35   Thumb Code     2  stm32f4xx_hal_dcmi.o(i.HAL_DCMI_ErrorCallback)
    HAL_DCMI_FrameEventCallback              0x08000b37   Thumb Code     2  stm32f4xx_hal_dcmi.o(i.HAL_DCMI_FrameEventCallback)
    HAL_DCMI_IRQHandler                      0x08000b39   Thumb Code   148  stm32f4xx_hal_dcmi.o(i.HAL_DCMI_IRQHandler)
    HAL_DCMI_Init                            0x08000bd1   Thumb Code   132  stm32f4xx_hal_dcmi_ex.o(i.HAL_DCMI_Init)
    HAL_DCMI_LineEventCallback               0x08000c55   Thumb Code     2  stm32f4xx_hal_dcmi.o(i.HAL_DCMI_LineEventCallback)
    HAL_DCMI_MspInit                         0x08000c57   Thumb Code     2  stm32f4xx_hal_dcmi.o(i.HAL_DCMI_MspInit)
    HAL_DCMI_Resume                          0x08000c59   Thumb Code    54  stm32f4xx_hal_dcmi.o(i.HAL_DCMI_Resume)
    HAL_DCMI_Start_DMA                       0x08000c91   Thumb Code   174  stm32f4xx_hal_dcmi.o(i.HAL_DCMI_Start_DMA)
    HAL_DCMI_Suspend                         0x08000d49   Thumb Code   102  stm32f4xx_hal_dcmi.o(i.HAL_DCMI_Suspend)
    HAL_DCMI_VsyncEventCallback              0x08000db5   Thumb Code    68  bsp_ov5640.o(i.HAL_DCMI_VsyncEventCallback)
    HAL_DMA2D_ConfigLayer                    0x08000e05   Thumb Code   164  stm32f4xx_hal_dma2d.o(i.HAL_DMA2D_ConfigLayer)
    HAL_DMA2D_Init                           0x08000ead   Thumb Code    92  stm32f4xx_hal_dma2d.o(i.HAL_DMA2D_Init)
    HAL_DMA2D_MspInit                        0x08000f09   Thumb Code     2  stm32f4xx_hal_dma2d.o(i.HAL_DMA2D_MspInit)
    HAL_DMA2D_PollForTransfer                0x08000f0b   Thumb Code   302  stm32f4xx_hal_dma2d.o(i.HAL_DMA2D_PollForTransfer)
    HAL_DMA2D_Start                          0x08001039   Thumb Code    52  stm32f4xx_hal_dma2d.o(i.HAL_DMA2D_Start)
    HAL_DMAEx_ChangeMemory                   0x0800106d   Thumb Code    16  stm32f4xx_hal_dma_ex.o(i.HAL_DMAEx_ChangeMemory)
    HAL_DMAEx_MultiBufferStart_IT            0x0800107d   Thumb Code  2814  stm32f4xx_hal_dma_ex.o(i.HAL_DMAEx_MultiBufferStart_IT)
    HAL_DMA_Abort_IT                         0x08001b85   Thumb Code    36  stm32f4xx_hal_dma.o(i.HAL_DMA_Abort_IT)
    HAL_DMA_IRQHandler                       0x08001ba9   Thumb Code   460  stm32f4xx_hal_dma.o(i.HAL_DMA_IRQHandler)
    HAL_DMA_Init                             0x08001d79   Thumb Code   208  stm32f4xx_hal_dma.o(i.HAL_DMA_Init)
    HAL_DMA_Start_IT                         0x08001e4d   Thumb Code   120  stm32f4xx_hal_dma.o(i.HAL_DMA_Start_IT)
    HAL_Delay                                0x08001ec5   Thumb Code    32  stm32f4xx_hal.o(i.HAL_Delay)
    HAL_GPIO_Init                            0x08001ee9   Thumb Code   426  stm32f4xx_hal_gpio.o(i.HAL_GPIO_Init)
    HAL_GPIO_WritePin                        0x080020c9   Thumb Code    14  stm32f4xx_hal_gpio.o(i.HAL_GPIO_WritePin)
    HAL_GetTick                              0x080020d9   Thumb Code     6  stm32f4xx_hal.o(i.HAL_GetTick)
    HAL_I2CEx_ConfigAnalogFilter             0x080020e5   Thumb Code    66  stm32f4xx_hal_i2c_ex.o(i.HAL_I2CEx_ConfigAnalogFilter)
    HAL_I2C_DeInit                           0x08002127   Thumb Code    50  stm32f4xx_hal_i2c.o(i.HAL_I2C_DeInit)
    HAL_I2C_GetState                         0x08002159   Thumb Code     6  stm32f4xx_hal_i2c.o(i.HAL_I2C_GetState)
    HAL_I2C_Init                             0x08002161   Thumb Code   260  stm32f4xx_hal_i2c.o(i.HAL_I2C_Init)
    HAL_I2C_Mem_Read                         0x0800226d   Thumb Code   666  stm32f4xx_hal_i2c.o(i.HAL_I2C_Mem_Read)
    HAL_I2C_Mem_Write                        0x08002515   Thumb Code   342  stm32f4xx_hal_i2c.o(i.HAL_I2C_Mem_Write)
    HAL_I2C_MspDeInit                        0x08002675   Thumb Code     2  stm32f4xx_hal_i2c.o(i.HAL_I2C_MspDeInit)
    HAL_I2C_MspInit                          0x08002677   Thumb Code     2  stm32f4xx_hal_i2c.o(i.HAL_I2C_MspInit)
    HAL_IncTick                              0x08002679   Thumb Code    12  stm32f4xx_hal.o(i.HAL_IncTick)
    HAL_InitTick                             0x08002689   Thumb Code    58  stm32f4xx_hal.o(i.HAL_InitTick)
    HAL_LTDC_ConfigLayer                     0x080026cd   Thumb Code    84  stm32f4xx_hal_ltdc.o(i.HAL_LTDC_ConfigLayer)
    HAL_LTDC_Init                            0x08002721   Thumb Code   240  stm32f4xx_hal_ltdc.o(i.HAL_LTDC_Init)
    HAL_LTDC_MspInit                         0x08002815   Thumb Code     2  stm32f4xx_hal_ltdc.o(i.HAL_LTDC_MspInit)
    HAL_LTDC_SetAlpha                        0x08002817   Thumb Code    68  stm32f4xx_hal_ltdc.o(i.HAL_LTDC_SetAlpha)
    HAL_NVIC_EnableIRQ                       0x0800285b   Thumb Code    22  stm32f4xx_hal_cortex.o(i.HAL_NVIC_EnableIRQ)
    HAL_NVIC_SetPriority                     0x08002871   Thumb Code    60  stm32f4xx_hal_cortex.o(i.HAL_NVIC_SetPriority)
    HAL_PWREx_EnableOverDrive                0x080028b1   Thumb Code   104  stm32f4xx_hal_pwr_ex.o(i.HAL_PWREx_EnableOverDrive)
    HAL_RCCEx_PeriphCLKConfig                0x08002925   Thumb Code   546  stm32f4xx_hal_rcc_ex.o(i.HAL_RCCEx_PeriphCLKConfig)
    HAL_RCC_ClockConfig                      0x08002b6d   Thumb Code   308  stm32f4xx_hal_rcc.o(i.HAL_RCC_ClockConfig)
    HAL_RCC_GetHCLKFreq                      0x08002cb1   Thumb Code     6  stm32f4xx_hal_rcc.o(i.HAL_RCC_GetHCLKFreq)
    HAL_RCC_GetPCLK1Freq                     0x08002cbd   Thumb Code    22  stm32f4xx_hal_rcc.o(i.HAL_RCC_GetPCLK1Freq)
    HAL_RCC_GetPCLK2Freq                     0x08002cdd   Thumb Code    22  stm32f4xx_hal_rcc.o(i.HAL_RCC_GetPCLK2Freq)
    HAL_RCC_GetSysClockFreq                  0x08002cfd   Thumb Code    94  stm32f4xx_hal_rcc.o(i.HAL_RCC_GetSysClockFreq)
    HAL_RCC_OscConfig                        0x08002d69   Thumb Code   896  stm32f4xx_hal_rcc.o(i.HAL_RCC_OscConfig)
    HAL_SDRAM_Init                           0x080030f9   Thumb Code    68  stm32f4xx_hal_sdram.o(i.HAL_SDRAM_Init)
    HAL_SDRAM_MspInit                        0x0800313d   Thumb Code     2  stm32f4xx_hal_sdram.o(i.HAL_SDRAM_MspInit)
    HAL_SDRAM_ProgramRefreshRate             0x0800313f   Thumb Code    38  stm32f4xx_hal_sdram.o(i.HAL_SDRAM_ProgramRefreshRate)
    HAL_SDRAM_SendCommand                    0x08003165   Thumb Code    56  stm32f4xx_hal_sdram.o(i.HAL_SDRAM_SendCommand)
    HAL_SPI_Init                             0x0800319d   Thumb Code   144  stm32f4xx_hal_spi.o(i.HAL_SPI_Init)
    HAL_SPI_MspInit                          0x0800322d   Thumb Code   164  bsp_spi_flash.o(i.HAL_SPI_MspInit)
    HAL_SYSTICK_Config                       0x080032d9   Thumb Code    40  stm32f4xx_hal_cortex.o(i.HAL_SYSTICK_Config)
    HAL_UART_Init                            0x08003301   Thumb Code   100  stm32f4xx_hal_uart.o(i.HAL_UART_Init)
    HAL_UART_MspInit                         0x08003365   Thumb Code     2  stm32f4xx_hal_uart.o(i.HAL_UART_MspInit)
    HAL_UART_Transmit                        0x08003367   Thumb Code   204  stm32f4xx_hal_uart.o(i.HAL_UART_Transmit)
    HardFault_Handler                        0x08003433   Thumb Code     2  stm32f4xx_it.o(i.HardFault_Handler)
    I2CMaster_Init                           0x08003435   Thumb Code   172  bsp_i2c.o(i.I2CMaster_Init)
    LCD_Clear                                0x08003941   Thumb Code    48  bsp_lcd.o(i.LCD_Clear)
    LCD_ClearLine                            0x08003979   Thumb Code    82  bsp_lcd.o(i.LCD_ClearLine)
    LCD_DisplayChar                          0x08003a99   Thumb Code    42  bsp_lcd.o(i.LCD_DisplayChar)
    LCD_DisplayOn                            0x08003acd   Thumb Code    40  bsp_lcd.o(i.LCD_DisplayOn)
    LCD_DisplayStringLine_EN_CH              0x08003afd   Thumb Code   134  bsp_lcd.o(i.LCD_DisplayStringLine_EN_CH)
    LCD_DrawHLine                            0x08003b8d   Thumb Code   198  bsp_lcd.o(i.LCD_DrawHLine)
    LCD_DrawPixel                            0x08003c5d   Thumb Code   238  bsp_lcd.o(i.LCD_DrawPixel)
    LCD_DrawRect                             0x08003d55   Thumb Code    60  bsp_lcd.o(i.LCD_DrawRect)
    LCD_DrawVLine                            0x08003d91   Thumb Code   206  bsp_lcd.o(i.LCD_DrawVLine)
    LCD_FillRect                             0x08003e69   Thumb Code   236  bsp_lcd.o(i.LCD_FillRect)
    LCD_GetFont                              0x08004339   Thumb Code    18  bsp_lcd.o(i.LCD_GetFont)
    LCD_GetXSize                             0x08004355   Thumb Code    22  bsp_lcd.o(i.LCD_GetXSize)
    LCD_GetYSize                             0x08004375   Thumb Code    22  bsp_lcd.o(i.LCD_GetYSize)
    LCD_Init                                 0x08004395   Thumb Code   166  bsp_lcd.o(i.LCD_Init)
    LCD_LayerInit                            0x0800444d   Thumb Code   128  bsp_lcd.o(i.LCD_LayerInit)
    LCD_Line_Scan                            0x080044d5   Thumb Code    78  qr_decoder_user.o(i.LCD_Line_Scan)
    LCD_Open_QR_Window                       0x0800452d   Thumb Code   406  qr_decoder_user.o(i.LCD_Open_QR_Window)
    LCD_SelectLayer                          0x080046c5   Thumb Code     6  bsp_lcd.o(i.LCD_SelectLayer)
    LCD_SetBackColor                         0x080046d1   Thumb Code    18  bsp_lcd.o(i.LCD_SetBackColor)
    LCD_SetColors                            0x080046ed   Thumb Code    18  bsp_lcd.o(i.LCD_SetColors)
    LCD_SetFont                              0x08004701   Thumb Code    18  bsp_lcd.o(i.LCD_SetFont)
    LCD_SetTextColor                         0x0800471d   Thumb Code    16  bsp_lcd.o(i.LCD_SetTextColor)
    LCD_SetTransparency                      0x08004735   Thumb Code     8  bsp_lcd.o(i.LCD_SetTransparency)
    LED_GPIO_Config                          0x08004741   Thumb Code   118  bsp_led.o(i.LED_GPIO_Config)
    MemManage_Handler                        0x080049c7   Thumb Code     2  stm32f4xx_it.o(i.MemManage_Handler)
    NMI_Handler                              0x080049c9   Thumb Code     2  stm32f4xx_it.o(i.NMI_Handler)
    OV5640_AUTO_FOCUS                        0x080049eb   Thumb Code    14  ov5640_af.o(i.OV5640_AUTO_FOCUS)
    OV5640_DMA_Config                        0x080049f9   Thumb Code   126  bsp_ov5640.o(i.OV5640_DMA_Config)
    OV5640_FOCUS_AD5820_Constant_Focus       0x08004a85   Thumb Code   146  ov5640_af.o(i.OV5640_FOCUS_AD5820_Constant_Focus)
    OV5640_HW_Init                           0x08004d0d   Thumb Code   482  bsp_ov5640.o(i.OV5640_HW_Init)
    OV5640_Init                              0x08004f0d   Thumb Code    78  bsp_ov5640.o(i.OV5640_Init)
    OV5640_RGB565Config                      0x08004f6d   Thumb Code   108  bsp_ov5640.o(i.OV5640_RGB565Config)
    OV5640_ReadID                            0x08005011   Thumb Code    26  bsp_ov5640.o(i.OV5640_ReadID)
    OV5640_ReadReg                           0x0800502d   Thumb Code    46  bsp_i2c.o(i.OV5640_ReadReg)
    OV5640_Reset                             0x08005061   Thumb Code    10  bsp_ov5640.o(i.OV5640_Reset)
    OV5640_WriteFW                           0x0800506d   Thumb Code    36  bsp_i2c.o(i.OV5640_WriteFW)
    OV5640_WriteReg                          0x08005095   Thumb Code    44  bsp_i2c.o(i.OV5640_WriteReg)
    PendSV_Handler                           0x080050c5   Thumb Code     2  stm32f4xx_it.o(i.PendSV_Handler)
    QR_decoder                               0x080050c9   Thumb Code   442  qr_decoder_user.o(i.QR_decoder)
    SDRAM_Init                               0x08005745   Thumb Code   108  bsp_sdram.o(i.SDRAM_Init)
    SPI_FLASH_BufferRead                     0x08005869   Thumb Code    72  bsp_spi_flash.o(i.SPI_FLASH_BufferRead)
    SPI_FLASH_Init                           0x080058b5   Thumb Code    64  bsp_spi_flash.o(i.SPI_FLASH_Init)
    SPI_FLASH_SendByte                       0x080058fd   Thumb Code    82  bsp_spi_flash.o(i.SPI_FLASH_SendByte)
    SVC_Handler                              0x08005999   Thumb Code     2  stm32f4xx_it.o(i.SVC_Handler)
    SysTick_Handler                          0x0800599d   Thumb Code    32  stm32f4xx_it.o(i.SysTick_Handler)
    SystemInit                               0x08005a49   Thumb Code    66  system_stm32f4xx.o(i.SystemInit)
    USART1_IRQHandler                        0x08005e15   Thumb Code    70  bsp_debug_usart.o(i.USART1_IRQHandler)
    UsageFault_Handler                       0x08005e65   Thumb Code     2  stm32f4xx_it.o(i.UsageFault_Handler)
    __0fprintf$8                             0x08005e69   Thumb Code    22  printf8.o(i.__0fprintf$8)
    __1fprintf$8                             0x08005e69   Thumb Code     0  printf8.o(i.__0fprintf$8)
    __2fprintf                               0x08005e69   Thumb Code     0  printf8.o(i.__0fprintf$8)
    __0printf$8                              0x08005e85   Thumb Code    22  printf8.o(i.__0printf$8)
    __1printf$8                              0x08005e85   Thumb Code     0  printf8.o(i.__0printf$8)
    __2printf                                0x08005e85   Thumb Code     0  printf8.o(i.__0printf$8)
    __0sprintf$8                             0x08005ea5   Thumb Code    34  printf8.o(i.__0sprintf$8)
    __1sprintf$8                             0x08005ea5   Thumb Code     0  printf8.o(i.__0sprintf$8)
    __2sprintf                               0x08005ea5   Thumb Code     0  printf8.o(i.__0sprintf$8)
    free                                     0x08005ecd   Thumb Code    88  mallocr.o(i.__free$realloc)
    malloc                                   0x08005f29   Thumb Code    64  mallocr.o(i.__malloc$realloc)
    __scatterload_copy                       0x08005f79   Thumb Code    14  handlers.o(i.__scatterload_copy)
    __scatterload_null                       0x08005f87   Thumb Code     2  handlers.o(i.__scatterload_null)
    __scatterload_zeroinit                   0x08005f89   Thumb Code    14  handlers.o(i.__scatterload_zeroinit)
    _zbar_decode_codabar                     0x08006405   Thumb Code  1476  codabar.o(i._zbar_decode_codabar)
    _zbar_decode_code128                     0x080069d5   Thumb Code  2310  code128.o(i._zbar_decode_code128)
    _zbar_decode_code39                      0x080072dd   Thumb Code   638  code39.o(i._zbar_decode_code39)
    _zbar_decode_code93                      0x08007569   Thumb Code  1412  code93.o(i._zbar_decode_code93)
    _zbar_decode_databar                     0x08007aed   Thumb Code  1190  databar.o(i._zbar_decode_databar)
    _zbar_decode_ean                         0x08007f99   Thumb Code  3720  ean.o(i._zbar_decode_ean)
    _zbar_decode_i25                         0x08008e25   Thumb Code  1188  i25.o(i._zbar_decode_i25)
    _zbar_decode_pdf417                      0x080092c9   Thumb Code   570  pdf417.o(i._zbar_decode_pdf417)
    _zbar_decoder_get_qr_finder_line         0x08009509   Thumb Code     6  qr_finder.o(i._zbar_decoder_get_qr_finder_line)
    _zbar_find_qr                            0x0800950f   Thumb Code   358  qr_finder.o(i._zbar_find_qr)
    _zbar_get_symbol_hash                    0x08009675   Thumb Code    32  symbol.o(i._zbar_get_symbol_hash)
    _zbar_image_scanner_add_sym              0x08009699   Thumb Code   280  img_scanner.o(i._zbar_image_scanner_add_sym)
    _zbar_image_scanner_alloc_sym            0x080097b1   Thumb Code   186  img_scanner.o(i._zbar_image_scanner_alloc_sym)
    _zbar_image_scanner_recycle_syms         0x0800986b   Thumb Code   148  img_scanner.o(i._zbar_image_scanner_recycle_syms)
    _zbar_qr_create                          0x080098ff   Thumb Code    38  qrdec.o(i._zbar_qr_create)
    _zbar_qr_decode                          0x08009925   Thumb Code  1506  qrdec.o(i._zbar_qr_decode)
    _zbar_qr_destroy                         0x08009f39   Thumb Code    66  qrdec.o(i._zbar_qr_destroy)
    _zbar_qr_found_line                      0x08009fa9   Thumb Code    72  qrdec.o(i._zbar_qr_found_line)
    _zbar_qr_reset                           0x08009ff1   Thumb Code    12  qrdec.o(i._zbar_qr_reset)
    _zbar_refcnt_init                        0x08009ffd   Thumb Code     2  refcnt.o(i._zbar_refcnt_init)
    _zbar_symbol_free                        0x08009fff   Thumb Code    86  symbol.o(i._zbar_symbol_free)
    _zbar_symbol_set_create                  0x0800a0bb   Thumb Code    18  symbol.o(i._zbar_symbol_set_create)
    _zbar_symbol_set_free                    0x0800a0cd   Thumb Code    38  symbol.o(i._zbar_symbol_set_free)
    bch15_5_correct                          0x0800a0f5   Thumb Code   764  bch15_5.o(i.bch15_5_correct)
    fputc                                    0x0800b881   Thumb Code    20  bsp_debug_usart.o(i.fputc)
    get_image                                0x0800b899   Thumb Code    50  qr_decoder_user.o(i.get_image)
    get_send_sta                             0x0800b8e1   Thumb Code    16  bsp_debug_usart.o(i.get_send_sta)
    isaac_init                               0x0800b945   Thumb Code   918  isaac.o(i.isaac_init)
    isaac_next_uint                          0x0800bce5   Thumb Code    52  isaac.o(i.isaac_next_uint)
    main                                     0x0800bf01   Thumb Code   496  main.o(i.main)
    qr_binarize                              0x0800d009   Thumb Code   904  binarize.o(i.qr_binarize)
    qr_code_data_list_extract_text           0x0800d3c3   Thumb Code   454  qrdectxt.o(i.qr_code_data_list_extract_text)
    qr_ihypot                                0x08010d89   Thumb Code   276  util.o(i.qr_ihypot)
    qr_ilog                                  0x08010ea5   Thumb Code    74  util.o(i.qr_ilog)
    qr_isqrt                                 0x08010f81   Thumb Code    48  util.o(i.qr_isqrt)
    qr_reader_match_centers                  0x0801169d   Thumb Code  2298  qrdec.o(i.qr_reader_match_centers)
    realloc                                  0x08012fdd   Thumb Code   102  mallocr.o(i.realloc)
    rgb565_to_y                              0x08013049   Thumb Code    42  qr_decoder_user.o(i.rgb565_to_y)
    rs_correct                               0x08013075   Thumb Code  1102  rs.o(i.rs_correct)
    rs_gf256_init                            0x0801360d   Thumb Code    92  rs.o(i.rs_gf256_init)
    uart_send_buf                            0x08013d8d   Thumb Code    64  bsp_debug_usart.o(i.uart_send_buf)
    zbar_decode_width                        0x08013dd9   Thumb Code   306  decoder.o(i.zbar_decode_width)
    zbar_decoder_create                      0x08013f0b   Thumb Code   122  decoder.o(i.zbar_decoder_create)
    zbar_decoder_destroy                     0x08013f85   Thumb Code    36  decoder.o(i.zbar_decoder_destroy)
    zbar_decoder_get_configs                 0x08013fa9   Thumb Code   164  decoder.o(i.zbar_decoder_get_configs)
    zbar_decoder_get_data                    0x0801404d   Thumb Code     4  decoder.o(i.zbar_decoder_get_data)
    zbar_decoder_get_data_length             0x08014051   Thumb Code     4  decoder.o(i.zbar_decoder_get_data_length)
    zbar_decoder_get_direction               0x08014055   Thumb Code     4  decoder.o(i.zbar_decoder_get_direction)
    zbar_decoder_get_modifiers               0x08014059   Thumb Code     4  decoder.o(i.zbar_decoder_get_modifiers)
    zbar_decoder_get_type                    0x0801405d   Thumb Code     6  decoder.o(i.zbar_decoder_get_type)
    zbar_decoder_get_userdata                0x08014063   Thumb Code     4  decoder.o(i.zbar_decoder_get_userdata)
    zbar_decoder_new_scan                    0x08014067   Thumb Code   230  decoder.o(i.zbar_decoder_new_scan)
    zbar_decoder_reset                       0x0801414d   Thumb Code   276  decoder.o(i.zbar_decoder_reset)
    zbar_decoder_set_config                  0x08014261   Thumb Code   402  decoder.o(i.zbar_decoder_set_config)
    zbar_decoder_set_handler                 0x080143f9   Thumb Code     8  decoder.o(i.zbar_decoder_set_handler)
    zbar_decoder_set_userdata                0x08014401   Thumb Code     4  decoder.o(i.zbar_decoder_set_userdata)
    zbar_get_symbol_name                     0x0801442d   Thumb Code   146  symbol.o(i.zbar_get_symbol_name)
    zbar_image_create                        0x08014565   Thumb Code    32  image.o(i.zbar_image_create)
    zbar_image_destroy                       0x08014585   Thumb Code    58  image.o(i.zbar_image_destroy)
    zbar_image_first_symbol                  0x080145bf   Thumb Code    10  image.o(i.zbar_image_first_symbol)
    zbar_image_free_data                     0x080145c9   Thumb Code   106  image.o(i.zbar_image_free_data)
    zbar_image_scanner_create                0x08014635   Thumb Code   176  img_scanner.o(i.zbar_image_scanner_create)
    zbar_image_scanner_destroy               0x080146e9   Thumb Code   232  img_scanner.o(i.zbar_image_scanner_destroy)
    zbar_image_scanner_set_config            0x080148bd   Thumb Code   196  img_scanner.o(i.zbar_image_scanner_set_config)
    zbar_image_set_data                      0x08014981   Thumb Code   118  image.o(i.zbar_image_set_data)
    zbar_image_set_format                    0x080149fd   Thumb Code     4  image.o(i.zbar_image_set_format)
    zbar_image_set_size                      0x08014a01   Thumb Code    16  image.o(i.zbar_image_set_size)
    zbar_image_set_userdata                  0x08014a11   Thumb Code     4  image.o(i.zbar_image_set_userdata)
    zbar_img_cleanup                         0x08014a15   Thumb Code     2  qr_decoder_user.o(i.zbar_img_cleanup)
    zbar_scan_image                          0x08014a19   Thumb Code  1474  img_scanner.o(i.zbar_scan_image)
    zbar_scan_y                              0x08014fdb   Thumb Code   400  scanner.o(i.zbar_scan_y)
    zbar_scanner_create                      0x0801516b   Thumb Code    52  scanner.o(i.zbar_scanner_create)
    zbar_scanner_destroy                     0x0801519f   Thumb Code     4  scanner.o(i.zbar_scanner_destroy)
    zbar_scanner_flush                       0x080151a3   Thumb Code    96  scanner.o(i.zbar_scanner_flush)
    zbar_scanner_get_edge                    0x08015203   Thumb Code    24  scanner.o(i.zbar_scanner_get_edge)
    zbar_scanner_get_width                   0x0801521b   Thumb Code     4  scanner.o(i.zbar_scanner_get_width)
    zbar_scanner_new_scan                    0x0801521f   Thumb Code   156  scanner.o(i.zbar_scanner_new_scan)
    zbar_symbol_get_data                     0x080152bb   Thumb Code     4  symbol.o(i.zbar_symbol_get_data)
    zbar_symbol_get_data_length              0x080152bf   Thumb Code     4  symbol.o(i.zbar_symbol_get_data_length)
    zbar_symbol_get_type                     0x080152c3   Thumb Code     4  symbol.o(i.zbar_symbol_get_type)
    zbar_symbol_next                         0x080152c7   Thumb Code     8  symbol.o(i.zbar_symbol_next)
    zbar_symbol_set_ref                      0x080152cf   Thumb Code    54  symbol.o(i.zbar_symbol_set_ref)
    AHBPrescTable                            0x08015304   Data          16  system_stm32f4xx.o(.constdata)
    APBPrescTable                            0x08015314   Data           8  system_stm32f4xx.o(.constdata)
    Font24_Table                             0x08015324   Data        6840  bsp_lcd.o(.constdata)
    Region$$Table$$Base                      0x08019484   Number         0  anon$$obj.o(Region$$Table)
    Region$$Table$$Limit                     0x080194a4   Number         0  anon$$obj.o(Region$$Table)
    SystemCoreClock                          0x20000000   Data           4  system_stm32f4xx.o(.data)
    uwTickFreq                               0x20000004   Data           1  stm32f4xx_hal.o(.data)
    uwTickPrio                               0x20000008   Data           4  stm32f4xx_hal.o(.data)
    uwTick                                   0x2000000c   Data           4  stm32f4xx_hal.o(.data)
    fps                                      0x20000010   Data           1  main.o(.data)
    beep_on_flag                             0x20000011   Data           1  main.o(.data)
    uart_send_state                          0x20000014   Data           1  bsp_debug_usart.o(.data)
    uart_data_len                            0x20000018   Data           4  bsp_debug_usart.o(.data)
    uart_data_index                          0x2000001c   Data           4  bsp_debug_usart.o(.data)
    Font24                                   0x2000002c   Data           8  bsp_lcd.o(.data)
    ImageFormat                              0x20000034   Data           1  bsp_ov5640.o(.data)
    RGB565_Init                              0x20000036   Data         832  bsp_ov5640.o(.data)
    RGB565_QVGA                              0x20000376   Data         184  bsp_ov5640.o(.data)
    RGB565_VGA                               0x2000042e   Data         184  bsp_ov5640.o(.data)
    RGB565_WVGA                              0x200004e6   Data         172  bsp_ov5640.o(.data)
    img_w                                    0x200014f4   Data           2  qr_decoder_user.o(.data)
    img_h                                    0x200014f6   Data           2  qr_decoder_user.o(.data)
    scanner                                  0x200014f8   Data           4  qr_decoder_user.o(.data)
    frame_transmit                           0x200014fc   Data           4  qr_decoder_user.o(.data)
    data_ready                               0x20001500   Data           1  qr_decoder_user.o(.data)
    _zbar_verbosity                          0x20001504   Data           4  error.o(.data)
    groups                                   0x20001508   Data          84  databar.o(.data)
    __stderr                                 0x2000155c   Data           4  stderr.o(.data)
    __stdout                                 0x20001560   Data           4  stdout.o(.data)
    __microlib_freelist                      0x20001564   Data           4  mvars.o(.data)
    __microlib_freelist_initialised          0x20001568   Data           4  mvars.o(.data)
    Task_Delay                               0x2000156c   Data          12  main.o(.bss)
    dispBuf                                  0x20001578   Data         100  main.o(.bss)
    uart_tx_buf                              0x200015dc   Data         512  bsp_debug_usart.o(.bss)
    UartHandle                               0x200017dc   Data          64  bsp_debug_usart.o(.bss)
    hsdram1                                  0x2000182c   Data          52  bsp_sdram.o(.bss)
    SpiHandle                                0x20001860   Data          88  bsp_spi_flash.o(.bss)
    I2C_Handle                               0x200019e8   Data          84  bsp_i2c.o(.bss)
    DCMI_Handle                              0x20001a3c   Data          64  bsp_ov5640.o(.bss)
    DMA_Handle_dcmi                          0x20001a7c   Data          96  bsp_ov5640.o(.bss)
    sensor_reg                               0x20001adc   Data         416  bsp_ov5640.o(.bss)
    decoded_buf                              0x20001c7c   Data        2560  qr_decoder_user.o(.bss)
    __heap_base                              0x20002680   Data           0  startup_stm32f429xx.o(HEAP)
    __heap_limit                             0x20021680   Data           0  startup_stm32f429xx.o(HEAP)
    __initial_sp                             0x20029680   Data           0  startup_stm32f429xx.o(STACK)
    dcmi_buf                                 0xd0500000   Data       409600  qr_decoder_user.o(.ARM.__AT_0xD0500000)
    qr_img_buf                               0xd0600000   Data       204800  qr_decoder_user.o(.ARM.__AT_0xD0600000)
    img_now                                  0xd0700000   Data       102400  qr_decoder_user.o(.ARM.__AT_0xD0700000)



==============================================================================

Memory Map of the image

  Image Entry point : 0x080001ad

  Load Region LR_IROM1 (Base: 0x08000000, Size: 0x0001aa10, Max: 0x00100000, ABSOLUTE, COMPRESSED[0x0001a5c0])

    Execution Region ER_IROM1 (Exec base: 0x08000000, Load base: 0x08000000, Size: 0x000194a4, Max: 0x00100000, ABSOLUTE)

    Exec Addr    Load Addr    Size         Type   Attr      Idx    E Section Name        Object

    0x08000000   0x08000000   0x000001ac   Data   RO            3    RESET               startup_stm32f429xx.o
    0x080001ac   0x080001ac   0x00000000   Code   RO        10329  * .ARM.Collect$$$$00000000  mc_w.l(entry.o)
    0x080001ac   0x080001ac   0x00000004   Code   RO        10664    .ARM.Collect$$$$00000001  mc_w.l(entry2.o)
    0x080001b0   0x080001b0   0x00000004   Code   RO        10667    .ARM.Collect$$$$00000004  mc_w.l(entry5.o)
    0x080001b4   0x080001b4   0x00000000   Code   RO        10669    .ARM.Collect$$$$00000008  mc_w.l(entry7b.o)
    0x080001b4   0x080001b4   0x00000000   Code   RO        10671    .ARM.Collect$$$$0000000A  mc_w.l(entry8b.o)
    0x080001b4   0x080001b4   0x00000008   Code   RO        10672    .ARM.Collect$$$$0000000B  mc_w.l(entry9a.o)
    0x080001bc   0x080001bc   0x00000000   Code   RO        10674    .ARM.Collect$$$$0000000D  mc_w.l(entry10a.o)
    0x080001bc   0x080001bc   0x00000000   Code   RO        10676    .ARM.Collect$$$$0000000F  mc_w.l(entry11a.o)
    0x080001bc   0x080001bc   0x00000004   Code   RO        10665    .ARM.Collect$$$$00002712  mc_w.l(entry2.o)
    0x080001c0   0x080001c0   0x00000024   Code   RO            4    .text               startup_stm32f429xx.o
    0x080001e4   0x080001e4   0x00000062   Code   RO        10341    .text               mc_w.l(uldiv.o)
    0x08000246   0x08000246   0x00000062   Code   RO        10343    .text               mc_w.l(ldiv.o)
    0x080002a8   0x080002a8   0x00000024   Code   RO        10345    .text               mc_w.l(llsshr.o)
    0x080002cc   0x080002cc   0x0000009c   Code   RO        10347    .text               mc_w.l(qsort.o)
    0x08000368   0x08000368   0x00000040   Code   RO        10351    .text               mc_w.l(memmovea.o)
    0x080003a8   0x080003a8   0x00000024   Code   RO        10353    .text               mc_w.l(memseta.o)
    0x080003cc   0x080003cc   0x0000000e   Code   RO        10359    .text               mc_w.l(strlen.o)
    0x080003da   0x080003da   0x0000001a   Code   RO        10361    .text               mc_w.l(memcmp.o)
    0x080003f4   0x080003f4   0x0000001c   Code   RO        10660    .text               mc_w.l(calloc.o)
    0x08000410   0x08000410   0x0000001e   Code   RO        10681    .text               mc_w.l(llshl.o)
    0x0800042e   0x0800042e   0x00000020   Code   RO        10683    .text               mc_w.l(llushr.o)
    0x0800044e   0x0800044e   0x00000002   PAD
    0x08000450   0x08000450   0x00000024   Code   RO        10735    .text               mc_w.l(init.o)
    0x08000474   0x08000474   0x0000005e   Code   RO        10749    .text               mc_w.l(__dclz77c.o)
    0x080004d2   0x080004d2   0x00000002   PAD
    0x080004d4   0x080004d4   0x00000048   Code   RO         9827    i.BEEP_GPIO_Config  bsp_beep.o
    0x0800051c   0x0800051c   0x000000a0   Code   RO         9828    i.BEEP_Handler      bsp_beep.o
    0x080005bc   0x080005bc   0x00000002   Code   RO         8965    i.BusFault_Handler  stm32f4xx_it.o
    0x080005be   0x080005be   0x00000018   Code   RO         1212    i.DCMI_DMAError     stm32f4xx_hal_dcmi.o
    0x080005d6   0x080005d6   0x00000092   Code   RO         1213    i.DCMI_DMAXferCplt  stm32f4xx_hal_dcmi.o
    0x08000668   0x08000668   0x0000000c   Code   RO         8966    i.DCMI_IRQHandler   stm32f4xx_it.o
    0x08000674   0x08000674   0x000000b8   Code   RO         9057    i.DEBUG_USART_Config  bsp_debug_usart.o
    0x0800072c   0x0800072c   0x0000009c   Code   RO         1537    i.DMA2D_SetConfig   stm32f4xx_hal_dma2d.o
    0x080007c8   0x080007c8   0x0000000c   Code   RO         8967    i.DMA2_Stream1_IRQHandler  stm32f4xx_it.o
    0x080007d4   0x080007d4   0x0000002c   Code   RO         1390    i.DMA_CalcBaseAndBitshift  stm32f4xx_hal_dma.o
    0x08000800   0x08000800   0x00000078   Code   RO         1391    i.DMA_CheckFifoParam  stm32f4xx_hal_dma.o
    0x08000878   0x08000878   0x00000020   Code   RO         1496    i.DMA_MultiBufferSetConfig  stm32f4xx_hal_dma_ex.o
    0x08000898   0x08000898   0x0000002a   Code   RO         1392    i.DMA_SetConfig     stm32f4xx_hal_dma.o
    0x080008c2   0x080008c2   0x00000002   Code   RO         8968    i.DebugMon_Handler  stm32f4xx_it.o
    0x080008c4   0x080008c4   0x00000110   Code   RO         9337    i.DrawChar          bsp_lcd.o
    0x080009d4   0x080009d4   0x00000052   Code   RO         8164    i.FMC_SDRAM_Init    stm32f4xx_ll_fmc.o
    0x08000a26   0x08000a26   0x0000000c   Code   RO         8165    i.FMC_SDRAM_ProgramRefreshRate  stm32f4xx_ll_fmc.o
    0x08000a32   0x08000a32   0x00000046   Code   RO         8166    i.FMC_SDRAM_SendCommand  stm32f4xx_ll_fmc.o
    0x08000a78   0x08000a78   0x00000070   Code   RO         8168    i.FMC_SDRAM_Timing_Init  stm32f4xx_ll_fmc.o
    0x08000ae8   0x08000ae8   0x0000004c   Code   RO         9339    i.GetGBKCode_from_EXFlash  bsp_lcd.o
    0x08000b34   0x08000b34   0x00000002   Code   RO         1218    i.HAL_DCMI_ErrorCallback  stm32f4xx_hal_dcmi.o
    0x08000b36   0x08000b36   0x00000002   Code   RO         1219    i.HAL_DCMI_FrameEventCallback  stm32f4xx_hal_dcmi.o
    0x08000b38   0x08000b38   0x00000098   Code   RO         1222    i.HAL_DCMI_IRQHandler  stm32f4xx_hal_dcmi.o
    0x08000bd0   0x08000bd0   0x00000084   Code   RO         1348    i.HAL_DCMI_Init     stm32f4xx_hal_dcmi_ex.o
    0x08000c54   0x08000c54   0x00000002   Code   RO         1224    i.HAL_DCMI_LineEventCallback  stm32f4xx_hal_dcmi.o
    0x08000c56   0x08000c56   0x00000002   Code   RO         1226    i.HAL_DCMI_MspInit  stm32f4xx_hal_dcmi.o
    0x08000c58   0x08000c58   0x00000036   Code   RO         1227    i.HAL_DCMI_Resume   stm32f4xx_hal_dcmi.o
    0x08000c8e   0x08000c8e   0x00000002   PAD
    0x08000c90   0x08000c90   0x000000b8   Code   RO         1228    i.HAL_DCMI_Start_DMA  stm32f4xx_hal_dcmi.o
    0x08000d48   0x08000d48   0x0000006c   Code   RO         1230    i.HAL_DCMI_Suspend  stm32f4xx_hal_dcmi.o
    0x08000db4   0x08000db4   0x00000050   Code   RO         9721    i.HAL_DCMI_VsyncEventCallback  bsp_ov5640.o
    0x08000e04   0x08000e04   0x000000a8   Code   RO         1549    i.HAL_DMA2D_ConfigLayer  stm32f4xx_hal_dma2d.o
    0x08000eac   0x08000eac   0x0000005c   Code   RO         1557    i.HAL_DMA2D_Init    stm32f4xx_hal_dma2d.o
    0x08000f08   0x08000f08   0x00000002   Code   RO         1560    i.HAL_DMA2D_MspInit  stm32f4xx_hal_dma2d.o
    0x08000f0a   0x08000f0a   0x0000012e   Code   RO         1561    i.HAL_DMA2D_PollForTransfer  stm32f4xx_hal_dma2d.o
    0x08001038   0x08001038   0x00000034   Code   RO         1564    i.HAL_DMA2D_Start   stm32f4xx_hal_dma2d.o
    0x0800106c   0x0800106c   0x00000010   Code   RO         1497    i.HAL_DMAEx_ChangeMemory  stm32f4xx_hal_dma_ex.o
    0x0800107c   0x0800107c   0x00000b08   Code   RO         1499    i.HAL_DMAEx_MultiBufferStart_IT  stm32f4xx_hal_dma_ex.o
    0x08001b84   0x08001b84   0x00000024   Code   RO         1394    i.HAL_DMA_Abort_IT  stm32f4xx_hal_dma.o
    0x08001ba8   0x08001ba8   0x000001d0   Code   RO         1398    i.HAL_DMA_IRQHandler  stm32f4xx_hal_dma.o
    0x08001d78   0x08001d78   0x000000d4   Code   RO         1399    i.HAL_DMA_Init      stm32f4xx_hal_dma.o
    0x08001e4c   0x08001e4c   0x00000078   Code   RO         1403    i.HAL_DMA_Start_IT  stm32f4xx_hal_dma.o
    0x08001ec4   0x08001ec4   0x00000024   Code   RO          287    i.HAL_Delay         stm32f4xx_hal.o
    0x08001ee8   0x08001ee8   0x000001e0   Code   RO         2095    i.HAL_GPIO_Init     stm32f4xx_hal_gpio.o
    0x080020c8   0x080020c8   0x0000000e   Code   RO         2099    i.HAL_GPIO_WritePin  stm32f4xx_hal_gpio.o
    0x080020d6   0x080020d6   0x00000002   PAD
    0x080020d8   0x080020d8   0x0000000c   Code   RO          295    i.HAL_GetTick       stm32f4xx_hal.o
    0x080020e4   0x080020e4   0x00000042   Code   RO         2791    i.HAL_I2CEx_ConfigAnalogFilter  stm32f4xx_hal_i2c_ex.o
    0x08002126   0x08002126   0x00000032   Code   RO         2360    i.HAL_I2C_DeInit    stm32f4xx_hal_i2c.o
    0x08002158   0x08002158   0x00000006   Code   RO         2368    i.HAL_I2C_GetState  stm32f4xx_hal_i2c.o
    0x0800215e   0x0800215e   0x00000002   PAD
    0x08002160   0x08002160   0x0000010c   Code   RO         2369    i.HAL_I2C_Init      stm32f4xx_hal_i2c.o
    0x0800226c   0x0800226c   0x000002a8   Code   RO         2385    i.HAL_I2C_Mem_Read  stm32f4xx_hal_i2c.o
    0x08002514   0x08002514   0x00000160   Code   RO         2388    i.HAL_I2C_Mem_Write  stm32f4xx_hal_i2c.o
    0x08002674   0x08002674   0x00000002   Code   RO         2391    i.HAL_I2C_MspDeInit  stm32f4xx_hal_i2c.o
    0x08002676   0x08002676   0x00000002   Code   RO         2392    i.HAL_I2C_MspInit   stm32f4xx_hal_i2c.o
    0x08002678   0x08002678   0x00000010   Code   RO          299    i.HAL_IncTick       stm32f4xx_hal.o
    0x08002688   0x08002688   0x00000044   Code   RO          301    i.HAL_InitTick      stm32f4xx_hal.o
    0x080026cc   0x080026cc   0x00000054   Code   RO         3428    i.HAL_LTDC_ConfigLayer  stm32f4xx_hal_ltdc.o
    0x08002720   0x08002720   0x000000f4   Code   RO         3445    i.HAL_LTDC_Init     stm32f4xx_hal_ltdc.o
    0x08002814   0x08002814   0x00000002   Code   RO         3448    i.HAL_LTDC_MspInit  stm32f4xx_hal_ltdc.o
    0x08002816   0x08002816   0x00000044   Code   RO         3454    i.HAL_LTDC_SetAlpha  stm32f4xx_hal_ltdc.o
    0x0800285a   0x0800285a   0x00000016   Code   RO          761    i.HAL_NVIC_EnableIRQ  stm32f4xx_hal_cortex.o
    0x08002870   0x08002870   0x00000040   Code   RO          767    i.HAL_NVIC_SetPriority  stm32f4xx_hal_cortex.o
    0x080028b0   0x080028b0   0x00000074   Code   RO         4481    i.HAL_PWREx_EnableOverDrive  stm32f4xx_hal_pwr_ex.o
    0x08002924   0x08002924   0x00000248   Code   RO         4673    i.HAL_RCCEx_PeriphCLKConfig  stm32f4xx_hal_rcc_ex.o
    0x08002b6c   0x08002b6c   0x00000144   Code   RO         4566    i.HAL_RCC_ClockConfig  stm32f4xx_hal_rcc.o
    0x08002cb0   0x08002cb0   0x0000000c   Code   RO         4571    i.HAL_RCC_GetHCLKFreq  stm32f4xx_hal_rcc.o
    0x08002cbc   0x08002cbc   0x00000020   Code   RO         4573    i.HAL_RCC_GetPCLK1Freq  stm32f4xx_hal_rcc.o
    0x08002cdc   0x08002cdc   0x00000020   Code   RO         4574    i.HAL_RCC_GetPCLK2Freq  stm32f4xx_hal_rcc.o
    0x08002cfc   0x08002cfc   0x0000006c   Code   RO         4575    i.HAL_RCC_GetSysClockFreq  stm32f4xx_hal_rcc.o
    0x08002d68   0x08002d68   0x00000390   Code   RO         4578    i.HAL_RCC_OscConfig  stm32f4xx_hal_rcc.o
    0x080030f8   0x080030f8   0x00000044   Code   RO         5751    i.HAL_SDRAM_Init    stm32f4xx_hal_sdram.o
    0x0800313c   0x0800313c   0x00000002   Code   RO         5753    i.HAL_SDRAM_MspInit  stm32f4xx_hal_sdram.o
    0x0800313e   0x0800313e   0x00000026   Code   RO         5754    i.HAL_SDRAM_ProgramRefreshRate  stm32f4xx_hal_sdram.o
    0x08003164   0x08003164   0x00000038   Code   RO         5760    i.HAL_SDRAM_SendCommand  stm32f4xx_hal_sdram.o
    0x0800319c   0x0800319c   0x00000090   Code   RO         6173    i.HAL_SPI_Init      stm32f4xx_hal_spi.o
    0x0800322c   0x0800322c   0x000000ac   Code   RO         9208    i.HAL_SPI_MspInit   bsp_spi_flash.o
    0x080032d8   0x080032d8   0x00000028   Code   RO          772    i.HAL_SYSTICK_Config  stm32f4xx_hal_cortex.o
    0x08003300   0x08003300   0x00000064   Code   RO         7524    i.HAL_UART_Init     stm32f4xx_hal_uart.o
    0x08003364   0x08003364   0x00000002   Code   RO         7526    i.HAL_UART_MspInit  stm32f4xx_hal_uart.o
    0x08003366   0x08003366   0x000000cc   Code   RO         7532    i.HAL_UART_Transmit  stm32f4xx_hal_uart.o
    0x08003432   0x08003432   0x00000002   Code   RO         8969    i.HardFault_Handler  stm32f4xx_it.o
    0x08003434   0x08003434   0x000000c0   Code   RO         9671    i.I2CMaster_Init    bsp_i2c.o
    0x080034f4   0x080034f4   0x00000028   Code   RO         2407    i.I2C_IsAcknowledgeFailed  stm32f4xx_hal_i2c.o
    0x0800351c   0x0800351c   0x00000144   Code   RO         2417    i.I2C_RequestMemoryRead  stm32f4xx_hal_i2c.o
    0x08003660   0x08003660   0x000000c8   Code   RO         2418    i.I2C_RequestMemoryWrite  stm32f4xx_hal_i2c.o
    0x08003728   0x08003728   0x0000004c   Code   RO         2426    i.I2C_WaitOnBTFFlagUntilTimeout  stm32f4xx_hal_i2c.o
    0x08003774   0x08003774   0x00000074   Code   RO         2427    i.I2C_WaitOnFlagUntilTimeout  stm32f4xx_hal_i2c.o
    0x080037e8   0x080037e8   0x00000094   Code   RO         2428    i.I2C_WaitOnMasterAddressFlagUntilTimeout  stm32f4xx_hal_i2c.o
    0x0800387c   0x0800387c   0x00000062   Code   RO         2429    i.I2C_WaitOnRXNEFlagUntilTimeout  stm32f4xx_hal_i2c.o
    0x080038de   0x080038de   0x0000004c   Code   RO         2431    i.I2C_WaitOnTXEFlagUntilTimeout  stm32f4xx_hal_i2c.o
    0x0800392a   0x0800392a   0x00000002   PAD
    0x0800392c   0x0800392c   0x00000014   Code   RO         9672    i.I2Cx_Error        bsp_i2c.o
    0x08003940   0x08003940   0x00000038   Code   RO         9340    i.LCD_Clear         bsp_lcd.o
    0x08003978   0x08003978   0x0000005c   Code   RO         9341    i.LCD_ClearLine     bsp_lcd.o
    0x080039d4   0x080039d4   0x000000c4   Code   RO         9343    i.LCD_DispChar_CH   bsp_lcd.o
    0x08003a98   0x08003a98   0x00000034   Code   RO         9344    i.LCD_DisplayChar   bsp_lcd.o
    0x08003acc   0x08003acc   0x00000030   Code   RO         9346    i.LCD_DisplayOn     bsp_lcd.o
    0x08003afc   0x08003afc   0x00000090   Code   RO         9349    i.LCD_DisplayStringLine_EN_CH  bsp_lcd.o
    0x08003b8c   0x08003b8c   0x000000d0   Code   RO         9353    i.LCD_DrawHLine     bsp_lcd.o
    0x08003c5c   0x08003c5c   0x000000f8   Code   RO         9355    i.LCD_DrawPixel     bsp_lcd.o
    0x08003d54   0x08003d54   0x0000003c   Code   RO         9357    i.LCD_DrawRect      bsp_lcd.o
    0x08003d90   0x08003d90   0x000000d8   Code   RO         9358    i.LCD_DrawVLine     bsp_lcd.o
    0x08003e68   0x08003e68   0x000000f4   Code   RO         9362    i.LCD_FillRect      bsp_lcd.o
    0x08003f5c   0x08003f5c   0x000003dc   Code   RO         9363    i.LCD_GPIO_Config   bsp_lcd.o
    0x08004338   0x08004338   0x0000001c   Code   RO         9365    i.LCD_GetFont       bsp_lcd.o
    0x08004354   0x08004354   0x00000020   Code   RO         9367    i.LCD_GetXSize      bsp_lcd.o
    0x08004374   0x08004374   0x00000020   Code   RO         9368    i.LCD_GetYSize      bsp_lcd.o
    0x08004394   0x08004394   0x000000b8   Code   RO         9369    i.LCD_Init          bsp_lcd.o
    0x0800444c   0x0800444c   0x00000088   Code   RO         9370    i.LCD_LayerInit     bsp_lcd.o
    0x080044d4   0x080044d4   0x00000058   Code   RO         9859    i.LCD_Line_Scan     qr_decoder_user.o
    0x0800452c   0x0800452c   0x00000196   Code   RO         9860    i.LCD_Open_QR_Window  qr_decoder_user.o
    0x080046c2   0x080046c2   0x00000002   PAD
    0x080046c4   0x080046c4   0x0000000c   Code   RO         9372    i.LCD_SelectLayer   bsp_lcd.o
    0x080046d0   0x080046d0   0x0000001c   Code   RO         9373    i.LCD_SetBackColor  bsp_lcd.o
    0x080046ec   0x080046ec   0x00000012   Code   RO         9374    i.LCD_SetColors     bsp_lcd.o
    0x080046fe   0x080046fe   0x00000002   PAD
    0x08004700   0x08004700   0x0000001c   Code   RO         9375    i.LCD_SetFont       bsp_lcd.o
    0x0800471c   0x0800471c   0x00000018   Code   RO         9379    i.LCD_SetTextColor  bsp_lcd.o
    0x08004734   0x08004734   0x0000000c   Code   RO         9380    i.LCD_SetTransparency  bsp_lcd.o
    0x08004740   0x08004740   0x00000080   Code   RO         9124    i.LED_GPIO_Config   bsp_led.o
    0x080047c0   0x080047c0   0x000000a8   Code   RO         9384    i.LL_FillBuffer     bsp_lcd.o
    0x08004868   0x08004868   0x0000015e   Code   RO         3464    i.LTDC_SetConfig    stm32f4xx_hal_ltdc.o
    0x080049c6   0x080049c6   0x00000002   Code   RO         8970    i.MemManage_Handler  stm32f4xx_it.o
    0x080049c8   0x080049c8   0x00000002   Code   RO         8971    i.NMI_Handler       stm32f4xx_it.o
    0x080049ca   0x080049ca   0x00000020   Code   RO          774    i.NVIC_SetPriority  stm32f4xx_hal_cortex.o
    0x080049ea   0x080049ea   0x0000000e   Code   RO         9789    i.OV5640_AUTO_FOCUS  ov5640_af.o
    0x080049f8   0x080049f8   0x0000008c   Code   RO         9722    i.OV5640_DMA_Config  bsp_ov5640.o
    0x08004a84   0x08004a84   0x000000fc   Code   RO         9790    i.OV5640_FOCUS_AD5820_Constant_Focus  ov5640_af.o
    0x08004b80   0x08004b80   0x0000018c   Code   RO         9791    i.OV5640_FOCUS_AD5820_Init  ov5640_af.o
    0x08004d0c   0x08004d0c   0x00000200   Code   RO         9723    i.OV5640_HW_Init    bsp_ov5640.o
    0x08004f0c   0x08004f0c   0x00000060   Code   RO         9724    i.OV5640_Init       bsp_ov5640.o
    0x08004f6c   0x08004f6c   0x000000a4   Code   RO         9725    i.OV5640_RGB565Config  bsp_ov5640.o
    0x08005010   0x08005010   0x0000001a   Code   RO         9726    i.OV5640_ReadID     bsp_ov5640.o
    0x0800502a   0x0800502a   0x00000002   PAD
    0x0800502c   0x0800502c   0x00000034   Code   RO         9673    i.OV5640_ReadReg    bsp_i2c.o
    0x08005060   0x08005060   0x0000000a   Code   RO         9727    i.OV5640_Reset      bsp_ov5640.o
    0x0800506a   0x0800506a   0x00000002   PAD
    0x0800506c   0x0800506c   0x00000028   Code   RO         9674    i.OV5640_WriteFW    bsp_i2c.o
    0x08005094   0x08005094   0x00000030   Code   RO         9675    i.OV5640_WriteReg   bsp_i2c.o
    0x080050c4   0x080050c4   0x00000002   Code   RO         8972    i.PendSV_Handler    stm32f4xx_it.o
    0x080050c6   0x080050c6   0x00000002   PAD
    0x080050c8   0x080050c8   0x000001ec   Code   RO         9891    i.QR_decoder        QR-Core.lib(qr_decoder_user.o)
    0x080052b4   0x080052b4   0x00000490   Code   RO         9148    i.SDRAM_GPIO_Config  bsp_sdram.o
    0x08005744   0x08005744   0x00000078   Code   RO         9149    i.SDRAM_Init        bsp_sdram.o
    0x080057bc   0x080057bc   0x0000008c   Code   RO         9150    i.SDRAM_InitSequence  bsp_sdram.o
    0x08005848   0x08005848   0x00000020   Code   RO         9154    i.SDRAM_delay       bsp_sdram.o
    0x08005868   0x08005868   0x0000004c   Code   RO         9209    i.SPI_FLASH_BufferRead  bsp_spi_flash.o
    0x080058b4   0x080058b4   0x00000048   Code   RO         9212    i.SPI_FLASH_Init    bsp_spi_flash.o
    0x080058fc   0x080058fc   0x0000005c   Code   RO         9218    i.SPI_FLASH_SendByte  bsp_spi_flash.o
    0x08005958   0x08005958   0x00000040   Code   RO         9225    i.SPI_TIMEOUT_UserCallback  bsp_spi_flash.o
    0x08005998   0x08005998   0x00000002   Code   RO         8973    i.SVC_Handler       stm32f4xx_it.o
    0x0800599a   0x0800599a   0x00000002   PAD
    0x0800599c   0x0800599c   0x00000024   Code   RO         8974    i.SysTick_Handler   stm32f4xx_it.o
    0x080059c0   0x080059c0   0x00000088   Code   RO         8888    i.SystemClock_Config  main.o
    0x08005a48   0x08005a48   0x00000054   Code   RO           14    i.SystemInit        system_stm32f4xx.o
    0x08005a9c   0x08005a9c   0x00000314   Code   RO         7551    i.UART_SetConfig    stm32f4xx_hal_uart.o
    0x08005db0   0x08005db0   0x00000064   Code   RO         7553    i.UART_WaitOnFlagUntilTimeout  stm32f4xx_hal_uart.o
    0x08005e14   0x08005e14   0x00000050   Code   RO         9058    i.USART1_IRQHandler  bsp_debug_usart.o
    0x08005e64   0x08005e64   0x00000002   Code   RO         8975    i.UsageFault_Handler  stm32f4xx_it.o
    0x08005e66   0x08005e66   0x00000002   PAD
    0x08005e68   0x08005e68   0x0000001c   Code   RO        10577    i.__0fprintf$8      mc_w.l(printf8.o)
    0x08005e84   0x08005e84   0x00000020   Code   RO        10578    i.__0printf$8       mc_w.l(printf8.o)
    0x08005ea4   0x08005ea4   0x00000028   Code   RO        10580    i.__0sprintf$8      mc_w.l(printf8.o)
    0x08005ecc   0x08005ecc   0x0000005c   Code   RO        10636    i.__free$realloc    mc_w.l(mallocr.o)
    0x08005f28   0x08005f28   0x00000050   Code   RO        10637    i.__malloc$realloc  mc_w.l(mallocr.o)
    0x08005f78   0x08005f78   0x0000000e   Code   RO        10743    i.__scatterload_copy  mc_w.l(handlers.o)
    0x08005f86   0x08005f86   0x00000002   Code   RO        10744    i.__scatterload_null  mc_w.l(handlers.o)
    0x08005f88   0x08005f88   0x0000000e   Code   RO        10745    i.__scatterload_zeroinit  mc_w.l(handlers.o)
    0x08005f96   0x08005f96   0x00000002   PAD
    0x08005f98   0x08005f98   0x00000410   Code   RO        10585    i._printf_core      mc_w.l(printf8.o)
    0x080063a8   0x080063a8   0x00000024   Code   RO        10586    i._printf_post_padding  mc_w.l(printf8.o)
    0x080063cc   0x080063cc   0x0000002e   Code   RO        10587    i._printf_pre_padding  mc_w.l(printf8.o)
    0x080063fa   0x080063fa   0x0000000a   Code   RO        10589    i._sputc            mc_w.l(printf8.o)
    0x08006404   0x08006404   0x000005d0   Code   RO        10267    i._zbar_decode_codabar  QR-Core.lib(codabar.o)
    0x080069d4   0x080069d4   0x00000906   Code   RO        10254    i._zbar_decode_code128  QR-Core.lib(code128.o)
    0x080072da   0x080072da   0x00000002   PAD
    0x080072dc   0x080072dc   0x0000028c   Code   RO        10259    i._zbar_decode_code39  QR-Core.lib(code39.o)
    0x08007568   0x08007568   0x00000584   Code   RO        10288    i._zbar_decode_code93  QR-Core.lib(code93.o)
    0x08007aec   0x08007aec   0x000004ac   Code   RO        10274    i._zbar_decode_databar  QR-Core.lib(databar.o)
    0x08007f98   0x08007f98   0x00000e8c   Code   RO        10245    i._zbar_decode_ean  QR-Core.lib(ean.o)
    0x08008e24   0x08008e24   0x000004a4   Code   RO        10272    i._zbar_decode_i25  QR-Core.lib(i25.o)
    0x080092c8   0x080092c8   0x00000240   Code   RO        10264    i._zbar_decode_pdf417  QR-Core.lib(pdf417.o)
    0x08009508   0x08009508   0x00000006   Code   RO        10248    i._zbar_decoder_get_qr_finder_line  QR-Core.lib(qr_finder.o)
    0x0800950e   0x0800950e   0x00000166   Code   RO        10249    i._zbar_find_qr     QR-Core.lib(qr_finder.o)
    0x08009674   0x08009674   0x00000024   Code   RO        10107    i._zbar_get_symbol_hash  QR-Core.lib(symbol.o)
    0x08009698   0x08009698   0x00000118   Code   RO        10062    i._zbar_image_scanner_add_sym  QR-Core.lib(img_scanner.o)
    0x080097b0   0x080097b0   0x000000ba   Code   RO        10063    i._zbar_image_scanner_alloc_sym  QR-Core.lib(img_scanner.o)
    0x0800986a   0x0800986a   0x00000094   Code   RO        10064    i._zbar_image_scanner_recycle_syms  QR-Core.lib(img_scanner.o)
    0x080098fe   0x080098fe   0x00000026   Code   RO        10172    i._zbar_qr_create   QR-Core.lib(qrdec.o)
    0x08009924   0x08009924   0x00000614   Code   RO        10173    i._zbar_qr_decode   QR-Core.lib(qrdec.o)
    0x08009f38   0x08009f38   0x00000070   Code   RO        10174    i._zbar_qr_destroy  QR-Core.lib(qrdec.o)
    0x08009fa8   0x08009fa8   0x00000048   Code   RO        10175    i._zbar_qr_found_line  QR-Core.lib(qrdec.o)
    0x08009ff0   0x08009ff0   0x0000000c   Code   RO        10176    i._zbar_qr_reset    QR-Core.lib(qrdec.o)
    0x08009ffc   0x08009ffc   0x00000002   Code   RO        10252    i._zbar_refcnt_init  QR-Core.lib(refcnt.o)
    0x08009ffe   0x08009ffe   0x00000056   Code   RO        10108    i._zbar_symbol_free  QR-Core.lib(symbol.o)
    0x0800a054   0x0800a054   0x00000066   Code   RO        10109    i._zbar_symbol_refcnt  QR-Core.lib(symbol.o)
    0x0800a0ba   0x0800a0ba   0x00000012   Code   RO        10110    i._zbar_symbol_set_create  QR-Core.lib(symbol.o)
    0x0800a0cc   0x0800a0cc   0x00000026   Code   RO        10111    i._zbar_symbol_set_free  QR-Core.lib(symbol.o)
    0x0800a0f2   0x0800a0f2   0x00000002   PAD
    0x0800a0f4   0x0800a0f4   0x00000304   Code   RO        10293    i.bch15_5_correct   QR-Core.lib(bch15_5.o)
    0x0800a3f8   0x0800a3f8   0x000001c0   Code   RO        10275    i.calc_value4       QR-Core.lib(databar.o)
    0x0800a5b8   0x0800a5b8   0x00000238   Code   RO        10268    i.codabar_decode_start  QR-Core.lib(codabar.o)
    0x0800a7f0   0x0800a7f0   0x00000120   Code   RO        10260    i.code39_decode9    QR-Core.lib(code39.o)
    0x0800a910   0x0800a910   0x00000630   Code   RO        10276    i.databar_postprocess_exp  QR-Core.lib(databar.o)
    0x0800af40   0x0800af40   0x00000044   Code   RO        10277    i.decode10          QR-Core.lib(databar.o)
    0x0800af84   0x0800af84   0x000008fc   Code   RO        10278    i.decode_char       QR-Core.lib(databar.o)
    0x0800b880   0x0800b880   0x00000018   Code   RO         9061    i.fputc             bsp_debug_usart.o
    0x0800b898   0x0800b898   0x00000048   Code   RO         9905    i.get_image         QR-Core.lib(qr_decoder_user.o)
    0x0800b8e0   0x0800b8e0   0x00000014   Code   RO         9062    i.get_send_sta      bsp_debug_usart.o
    0x0800b8f4   0x0800b8f4   0x00000050   Code   RO        10638    i.internal_alloc    mc_w.l(mallocr.o)
    0x0800b944   0x0800b944   0x000003a0   Code   RO        10298    i.isaac_init        QR-Core.lib(isaac.o)
    0x0800bce4   0x0800bce4   0x00000034   Code   RO        10299    i.isaac_next_uint   QR-Core.lib(isaac.o)
    0x0800bd18   0x0800bd18   0x000001e6   Code   RO        10301    i.isaac_update      QR-Core.lib(isaac.o)
    0x0800befe   0x0800befe   0x00000002   PAD
    0x0800bf00   0x0800bf00   0x000002b0   Code   RO         8889    i.main              main.o
    0x0800c1b0   0x0800c1b0   0x00000554   Code   RO        10279    i.match_segment     QR-Core.lib(databar.o)
    0x0800c704   0x0800c704   0x000000f2   Code   RO        10255    i.postprocess_c     QR-Core.lib(code128.o)
    0x0800c7f6   0x0800c7f6   0x000000c4   Code   RO        10177    i.qr_aff_line_step  QR-Core.lib(qrdec.o)
    0x0800c8ba   0x0800c8ba   0x00000002   PAD
    0x0800c8bc   0x0800c8bc   0x0000074c   Code   RO        10178    i.qr_alignment_pattern_search  QR-Core.lib(qrdec.o)
    0x0800d008   0x0800d008   0x00000388   Code   RO        10327    i.qr_binarize       QR-Core.lib(binarize.o)
    0x0800d390   0x0800d390   0x00000032   Code   RO        10179    i.qr_cmp_edge_pt    QR-Core.lib(qrdec.o)
    0x0800d3c2   0x0800d3c2   0x000001c6   Code   RO        10291    i.qr_code_data_list_extract_text  QR-Core.lib(qrdectxt.o)
    0x0800d588   0x0800d588   0x0000046c   Code   RO        10182    i.qr_code_data_parse  QR-Core.lib(qrdec.o)
    0x0800d9f4   0x0800d9f4   0x00000424   Code   RO        10183    i.qr_code_decode    QR-Core.lib(qrdec.o)
    0x0800de18   0x0800de18   0x00000056   Code   RO        10184    i.qr_finder_center_cmp  QR-Core.lib(qrdec.o)
    0x0800de6e   0x0800de6e   0x00000002   PAD
    0x0800de70   0x0800de70   0x00000208   Code   RO        10185    i.qr_finder_cluster_lines  QR-Core.lib(qrdec.o)
    0x0800e078   0x0800e078   0x00000124   Code   RO        10186    i.qr_finder_edge_pts_aff_classify  QR-Core.lib(qrdec.o)
    0x0800e19c   0x0800e19c   0x000000e8   Code   RO        10187    i.qr_finder_edge_pts_hom_classify  QR-Core.lib(qrdec.o)
    0x0800e284   0x0800e284   0x000001b2   Code   RO        10188    i.qr_finder_estimate_module_size_and_version  QR-Core.lib(qrdec.o)
    0x0800e436   0x0800e436   0x00000002   PAD
    0x0800e438   0x0800e438   0x00000460   Code   RO        10189    i.qr_finder_fmt_info_decode  QR-Core.lib(qrdec.o)
    0x0800e898   0x0800e898   0x00000150   Code   RO        10190    i.qr_finder_locate_crossing  QR-Core.lib(qrdec.o)
    0x0800e9e8   0x0800e9e8   0x0000026e   Code   RO        10191    i.qr_finder_ransac  QR-Core.lib(qrdec.o)
    0x0800ec56   0x0800ec56   0x00000002   PAD
    0x0800ec58   0x0800ec58   0x000001ec   Code   RO        10192    i.qr_finder_version_decode  QR-Core.lib(qrdec.o)
    0x0800ee44   0x0800ee44   0x00000032   Code   RO        10193    i.qr_finder_vline_cmp  QR-Core.lib(qrdec.o)
    0x0800ee76   0x0800ee76   0x00000002   PAD
    0x0800ee78   0x0800ee78   0x0000086a   Code   RO        10194    i.qr_hom_cell_init  QR-Core.lib(qrdec.o)
    0x0800f6e2   0x0800f6e2   0x000000b4   Code   RO        10195    i.qr_hom_cell_project  QR-Core.lib(qrdec.o)
    0x0800f796   0x0800f796   0x00000002   PAD
    0x0800f798   0x0800f798   0x00000db0   Code   RO        10196    i.qr_hom_fit        QR-Core.lib(qrdec.o)
    0x08010548   0x08010548   0x00000796   Code   RO        10197    i.qr_hom_init       QR-Core.lib(qrdec.o)
    0x08010cde   0x08010cde   0x000000aa   Code   RO        10198    i.qr_hom_unproject  QR-Core.lib(qrdec.o)
    0x08010d88   0x08010d88   0x0000011c   Code   RO        10321    i.qr_ihypot         QR-Core.lib(util.o)
    0x08010ea4   0x08010ea4   0x0000004a   Code   RO        10322    i.qr_ilog           QR-Core.lib(util.o)
    0x08010eee   0x08010eee   0x00000092   Code   RO        10199    i.qr_img_get_bit    QR-Core.lib(qrdec.o)
    0x08010f80   0x08010f80   0x00000030   Code   RO        10323    i.qr_isqrt          QR-Core.lib(util.o)
    0x08010fb0   0x08010fb0   0x000000c6   Code   RO        10200    i.qr_line_fit_finder_edge  QR-Core.lib(qrdec.o)
    0x08011076   0x08011076   0x00000002   PAD
    0x08011078   0x08011078   0x0000028e   Code   RO        10201    i.qr_line_fit_finder_pair  QR-Core.lib(qrdec.o)
    0x08011306   0x08011306   0x00000002   PAD
    0x08011308   0x08011308   0x0000031a   Code   RO        10202    i.qr_line_fit_points  QR-Core.lib(qrdec.o)
    0x08011622   0x08011622   0x00000078   Code   RO        10203    i.qr_pack_buf_read  QR-Core.lib(qrdec.o)
    0x0801169a   0x0801169a   0x00000002   PAD
    0x0801169c   0x0801169c   0x000008fa   Code   RO        10204    i.qr_reader_match_centers  QR-Core.lib(qrdec.o)
    0x08011f96   0x08011f96   0x00000002   PAD
    0x08011f98   0x08011f98   0x000000a6   Code   RO        10205    i.qr_sampling_grid_fp_mask_rect  QR-Core.lib(qrdec.o)
    0x0801203e   0x0801203e   0x00000002   PAD
    0x08012040   0x08012040   0x00000a26   Code   RO        10206    i.qr_sampling_grid_init  QR-Core.lib(qrdec.o)
    0x08012a66   0x08012a66   0x00000002   PAD
    0x08012a68   0x08012a68   0x00000574   Code   RO        10207    i.qr_sampling_grid_sample  QR-Core.lib(qrdec.o)
    0x08012fdc   0x08012fdc   0x0000006c   Code   RO        10639    i.realloc           mc_w.l(mallocr.o)
    0x08013048   0x08013048   0x0000002a   Code   RO         9906    i.rgb565_to_y       QR-Core.lib(qr_decoder_user.o)
    0x08013072   0x08013072   0x00000002   PAD
    0x08013074   0x08013074   0x00000454   Code   RO        10308    i.rs_correct        QR-Core.lib(rs.o)
    0x080134c8   0x080134c8   0x00000144   Code   RO        10309    i.rs_cubic_solve    QR-Core.lib(rs.o)
    0x0801360c   0x0801360c   0x0000005c   Code   RO        10311    i.rs_gf256_init     QR-Core.lib(rs.o)
    0x08013668   0x08013668   0x0000025c   Code   RO        10312    i.rs_quadratic_solve  QR-Core.lib(rs.o)
    0x080138c4   0x080138c4   0x000001f2   Code   RO        10313    i.rs_quartic_solve  QR-Core.lib(rs.o)
    0x08013ab6   0x08013ab6   0x00000002   PAD
    0x08013ab8   0x08013ab8   0x000002d4   Code   RO        10065    i.symbol_handler    QR-Core.lib(img_scanner.o)
    0x08013d8c   0x08013d8c   0x0000004c   Code   RO         9063    i.uart_send_buf     bsp_debug_usart.o
    0x08013dd8   0x08013dd8   0x00000132   Code   RO         9961    i.zbar_decode_width  QR-Core.lib(decoder.o)
    0x08013f0a   0x08013f0a   0x0000007a   Code   RO         9962    i.zbar_decoder_create  QR-Core.lib(decoder.o)
    0x08013f84   0x08013f84   0x00000024   Code   RO         9963    i.zbar_decoder_destroy  QR-Core.lib(decoder.o)
    0x08013fa8   0x08013fa8   0x000000a4   Code   RO         9965    i.zbar_decoder_get_configs  QR-Core.lib(decoder.o)
    0x0801404c   0x0801404c   0x00000004   Code   RO         9966    i.zbar_decoder_get_data  QR-Core.lib(decoder.o)
    0x08014050   0x08014050   0x00000004   Code   RO         9967    i.zbar_decoder_get_data_length  QR-Core.lib(decoder.o)
    0x08014054   0x08014054   0x00000004   Code   RO         9968    i.zbar_decoder_get_direction  QR-Core.lib(decoder.o)
    0x08014058   0x08014058   0x00000004   Code   RO         9969    i.zbar_decoder_get_modifiers  QR-Core.lib(decoder.o)
    0x0801405c   0x0801405c   0x00000006   Code   RO         9970    i.zbar_decoder_get_type  QR-Core.lib(decoder.o)
    0x08014062   0x08014062   0x00000004   Code   RO         9971    i.zbar_decoder_get_userdata  QR-Core.lib(decoder.o)
    0x08014066   0x08014066   0x000000e6   Code   RO         9972    i.zbar_decoder_new_scan  QR-Core.lib(decoder.o)
    0x0801414c   0x0801414c   0x00000114   Code   RO         9973    i.zbar_decoder_reset  QR-Core.lib(decoder.o)
    0x08014260   0x08014260   0x00000198   Code   RO         9974    i.zbar_decoder_set_config  QR-Core.lib(decoder.o)
    0x080143f8   0x080143f8   0x00000008   Code   RO         9975    i.zbar_decoder_set_handler  QR-Core.lib(decoder.o)
    0x08014400   0x08014400   0x00000004   Code   RO         9976    i.zbar_decoder_set_userdata  QR-Core.lib(decoder.o)
    0x08014404   0x08014404   0x00000026   Code   RO         9909    i.zbar_fourcc_parse  QR-Core.lib(qr_decoder_user.o)
    0x0801442a   0x0801442a   0x00000002   PAD
    0x0801442c   0x0801442c   0x00000138   Code   RO        10117    i.zbar_get_symbol_name  QR-Core.lib(symbol.o)
    0x08014564   0x08014564   0x00000020   Code   RO        10013    i.zbar_image_create  QR-Core.lib(image.o)
    0x08014584   0x08014584   0x0000003a   Code   RO        10014    i.zbar_image_destroy  QR-Core.lib(image.o)
    0x080145be   0x080145be   0x0000000a   Code   RO        10015    i.zbar_image_first_symbol  QR-Core.lib(image.o)
    0x080145c8   0x080145c8   0x0000006a   Code   RO        10016    i.zbar_image_free_data  QR-Core.lib(image.o)
    0x08014632   0x08014632   0x00000002   PAD
    0x08014634   0x08014634   0x000000b4   Code   RO        10066    i.zbar_image_scanner_create  QR-Core.lib(img_scanner.o)
    0x080146e8   0x080146e8   0x000001d4   Code   RO        10067    i.zbar_image_scanner_destroy  QR-Core.lib(img_scanner.o)
    0x080148bc   0x080148bc   0x000000c4   Code   RO        10071    i.zbar_image_scanner_set_config  QR-Core.lib(img_scanner.o)
    0x08014980   0x08014980   0x0000007c   Code   RO        10029    i.zbar_image_set_data  QR-Core.lib(image.o)
    0x080149fc   0x080149fc   0x00000004   Code   RO        10030    i.zbar_image_set_format  QR-Core.lib(image.o)
    0x08014a00   0x08014a00   0x00000010   Code   RO        10032    i.zbar_image_set_size  QR-Core.lib(image.o)
    0x08014a10   0x08014a10   0x00000004   Code   RO        10034    i.zbar_image_set_userdata  QR-Core.lib(image.o)
    0x08014a14   0x08014a14   0x00000002   Code   RO         9911    i.zbar_img_cleanup  QR-Core.lib(qr_decoder_user.o)
    0x08014a16   0x08014a16   0x00000002   PAD
    0x08014a18   0x08014a18   0x000005c2   Code   RO        10073    i.zbar_scan_image   QR-Core.lib(img_scanner.o)
    0x08014fda   0x08014fda   0x00000190   Code   RO        10087    i.zbar_scan_y       QR-Core.lib(scanner.o)
    0x0801516a   0x0801516a   0x00000034   Code   RO        10088    i.zbar_scanner_create  QR-Core.lib(scanner.o)
    0x0801519e   0x0801519e   0x00000004   Code   RO        10089    i.zbar_scanner_destroy  QR-Core.lib(scanner.o)
    0x080151a2   0x080151a2   0x00000060   Code   RO        10090    i.zbar_scanner_flush  QR-Core.lib(scanner.o)
    0x08015202   0x08015202   0x00000018   Code   RO        10092    i.zbar_scanner_get_edge  QR-Core.lib(scanner.o)
    0x0801521a   0x0801521a   0x00000004   Code   RO        10094    i.zbar_scanner_get_width  QR-Core.lib(scanner.o)
    0x0801521e   0x0801521e   0x0000009c   Code   RO        10095    i.zbar_scanner_new_scan  QR-Core.lib(scanner.o)
    0x080152ba   0x080152ba   0x00000004   Code   RO        10122    i.zbar_symbol_get_data  QR-Core.lib(symbol.o)
    0x080152be   0x080152be   0x00000004   Code   RO        10123    i.zbar_symbol_get_data_length  QR-Core.lib(symbol.o)
    0x080152c2   0x080152c2   0x00000004   Code   RO        10130    i.zbar_symbol_get_type  QR-Core.lib(symbol.o)
    0x080152c6   0x080152c6   0x00000008   Code   RO        10131    i.zbar_symbol_next  QR-Core.lib(symbol.o)
    0x080152ce   0x080152ce   0x00000036   Code   RO        10136    i.zbar_symbol_set_ref  QR-Core.lib(symbol.o)
    0x08015304   0x08015304   0x00000010   Data   RO           15    .constdata          system_stm32f4xx.o
    0x08015314   0x08015314   0x00000008   Data   RO           16    .constdata          system_stm32f4xx.o
    0x0801531c   0x0801531c   0x00000008   Data   RO         1405    .constdata          stm32f4xx_hal_dma.o
    0x08015324   0x08015324   0x00001ab8   Data   RO         9386    .constdata          bsp_lcd.o
    0x08016ddc   0x08016ddc   0x00000024   Data   RO         9977    .constdata          QR-Core.lib(decoder.o)
    0x08016e00   0x08016e00   0x0000002a   Data   RO        10074    .constdata          QR-Core.lib(img_scanner.o)
    0x08016e2a   0x08016e2a   0x00000061   Data   RO        10138    .constdata          QR-Core.lib(symbol.o)
    0x08016e8b   0x08016e8b   0x00000001   PAD
    0x08016e8c   0x08016e8c   0x00000264   Data   RO        10208    .constdata          QR-Core.lib(qrdec.o)
    0x080170f0   0x080170f0   0x00000034   Data   RO        10246    .constdata          QR-Core.lib(ean.o)
    0x08017124   0x08017124   0x000000f4   Data   RO        10256    .constdata          QR-Core.lib(code128.o)
    0x08017218   0x08017218   0x000000d0   Data   RO        10261    .constdata          QR-Core.lib(code39.o)
    0x080172e8   0x080172e8   0x00002000   Data   RO        10265    .constdata          QR-Core.lib(pdf417.o)
    0x080192e8   0x080192e8   0x00000028   Data   RO        10269    .constdata          QR-Core.lib(codabar.o)
    0x08019310   0x08019310   0x0000004a   Data   RO        10280    .constdata          QR-Core.lib(databar.o)
    0x0801935a   0x0801935a   0x00000063   Data   RO        10289    .constdata          QR-Core.lib(code93.o)
    0x080193bd   0x080193bd   0x0000002f   Data   RO        10295    .constdata          QR-Core.lib(bch15_5.o)
    0x080193ec   0x080193ec   0x00000008   Data   RO        10302    .constdata          QR-Core.lib(isaac.o)
    0x080193f4   0x080193f4   0x00000041   Data   RO         8891    .conststring        main.o
    0x08019435   0x08019435   0x00000003   PAD
    0x08019438   0x08019438   0x0000004b   Data   RO         9792    .conststring        ov5640_af.o
    0x08019483   0x08019483   0x00000001   PAD
    0x08019484   0x08019484   0x00000020   Data   RO        10741    Region$$Table       anon$$obj.o


    Execution Region RW_IRAM1 (Exec base: 0x20000000, Load base: 0x080194a4, Size: 0x00029680, Max: 0x00030000, ABSOLUTE, COMPRESSED[0x0000111c])

    Exec Addr    Load Addr    Size         Type   Attr      Idx    E Section Name        Object

    0x20000000   COMPRESSED   0x00000004   Data   RW           17    .data               system_stm32f4xx.o
    0x20000004   COMPRESSED   0x0000000c   Data   RW          307    .data               stm32f4xx_hal.o
    0x20000010   COMPRESSED   0x00000002   Data   RW         8892    .data               main.o
    0x20000012   COMPRESSED   0x00000002   PAD
    0x20000014   COMPRESSED   0x0000000c   Data   RW         9065    .data               bsp_debug_usart.o
    0x20000020   COMPRESSED   0x00000004   Data   RW         9227    .data               bsp_spi_flash.o
    0x20000024   COMPRESSED   0x00000010   Data   RW         9391    .data               bsp_lcd.o
    0x20000034   COMPRESSED   0x0000055e   Data   RW         9729    .data               bsp_ov5640.o
    0x20000592   COMPRESSED   0x00000f5d   Data   RW         9793    .data               ov5640_af.o
    0x200014ef   COMPRESSED   0x00000001   Data   RW         9829    .data               bsp_beep.o
    0x200014f0   COMPRESSED   0x00000002   Data   RW         9861    .data               qr_decoder_user.o
    0x200014f2   COMPRESSED   0x00000002   PAD
    0x200014f4   COMPRESSED   0x0000000d   Data   RW         9926    .data               QR-Core.lib(qr_decoder_user.o)
    0x20001501   COMPRESSED   0x00000003   PAD
    0x20001504   COMPRESSED   0x00000004   Data   RW        10004    .data               QR-Core.lib(error.o)
    0x20001508   COMPRESSED   0x00000054   Data   RW        10281    .data               QR-Core.lib(databar.o)
    0x2000155c   COMPRESSED   0x00000004   Data   RW        10340    .data               mc_w.l(stderr.o)
    0x20001560   COMPRESSED   0x00000004   Data   RW        10678    .data               mc_w.l(stdout.o)
    0x20001564   COMPRESSED   0x00000004   Data   RW        10713    .data               mc_w.l(mvars.o)
    0x20001568   COMPRESSED   0x00000004   Data   RW        10714    .data               mc_w.l(mvars.o)
    0x2000156c        -       0x00000070   Zero   RW         8890    .bss                main.o
    0x200015dc        -       0x00000240   Zero   RW         9064    .bss                bsp_debug_usart.o
    0x2000181c        -       0x00000044   Zero   RW         9155    .bss                bsp_sdram.o
    0x20001860        -       0x00000058   Zero   RW         9226    .bss                bsp_spi_flash.o
    0x200018b8        -       0x00000130   Zero   RW         9385    .bss                bsp_lcd.o
    0x200019e8        -       0x00000054   Zero   RW         9676    .bss                bsp_i2c.o
    0x20001a3c        -       0x00000240   Zero   RW         9728    .bss                bsp_ov5640.o
    0x20001c7c        -       0x00000a00   Zero   RW         9925    .bss                QR-Core.lib(qr_decoder_user.o)
    0x2000267c   COMPRESSED   0x00000004   PAD
    0x20002680        -       0x0001f000   Zero   RW            2    HEAP                startup_stm32f429xx.o
    0x20021680        -       0x00008000   Zero   RW            1    STACK               startup_stm32f429xx.o



  Load Region LR$$.ARM.__AT_0xD0500000 (Base: 0xd0500000, Size: 0x00000000, Max: 0x00064000, ABSOLUTE)

    Execution Region ER$$.ARM.__AT_0xD0500000 (Exec base: 0xd0500000, Load base: 0xd0500000, Size: 0x00064000, Max: 0x00064000, ABSOLUTE, UNINIT)

    Exec Addr    Load Addr    Size         Type   Attr      Idx    E Section Name        Object

    0xd0500000        -       0x00064000   Zero   RW         9922    .ARM.__AT_0xD0500000  QR-Core.lib(qr_decoder_user.o)



  Load Region LR$$.ARM.__AT_0xD0600000 (Base: 0xd0600000, Size: 0x00000000, Max: 0x00032000, ABSOLUTE)

    Execution Region ER$$.ARM.__AT_0xD0600000 (Exec base: 0xd0600000, Load base: 0xd0600000, Size: 0x00032000, Max: 0x00032000, ABSOLUTE, UNINIT)

    Exec Addr    Load Addr    Size         Type   Attr      Idx    E Section Name        Object

    0xd0600000        -       0x00032000   Zero   RW         9923    .ARM.__AT_0xD0600000  QR-Core.lib(qr_decoder_user.o)



  Load Region LR$$.ARM.__AT_0xD0700000 (Base: 0xd0700000, Size: 0x00000000, Max: 0x00019000, ABSOLUTE)

    Execution Region ER$$.ARM.__AT_0xD0700000 (Exec base: 0xd0700000, Load base: 0xd0700000, Size: 0x00019000, Max: 0x00019000, ABSOLUTE, UNINIT)

    Exec Addr    Load Addr    Size         Type   Attr      Idx    E Section Name        Object

    0xd0700000        -       0x00019000   Zero   RW         9924    .ARM.__AT_0xD0700000  QR-Core.lib(qr_decoder_user.o)


==============================================================================

Image component sizes


      Code (inc. data)   RO Data    RW Data    ZI Data      Debug   Object Name

       232         34          0          1          0       1681   bsp_beep.o
       384         48          0         12        576       3971   bsp_debug_usart.o
       352         38          0          0         84       3586   bsp_i2c.o
      3602        252       6840         16        304      28593   bsp_lcd.o
       128         10          0          0          0        974   bsp_led.o
      1028        130          0       1374        576       9596   bsp_ov5640.o
      1460         64          0          0         68       4639   bsp_sdram.o
       476         80          0          4         88       3903   bsp_spi_flash.o
       824        202         65          2        112       6831   main.o
       662        262         75       3933          0       2621   ov5640_af.o
       494         10          0          2          0       1193   qr_decoder_user.o
        36          8        428          0     159744        960   startup_stm32f429xx.o
       132         24          0         12          0       4062   stm32f4xx_hal.o
       158          4          0          0          0      29788   stm32f4xx_hal_cortex.o
       676         20          0          0          0       7391   stm32f4xx_hal_dcmi.o
       132          0          0          0          0       1128   stm32f4xx_hal_dcmi_ex.o
      1038         14          8          0          0       6742   stm32f4xx_hal_dma.o
       772          4          0          0          0       6595   stm32f4xx_hal_dma2d.o
      2872         26          0          0          0       4793   stm32f4xx_hal_dma_ex.o
       494         54          0          0          0       2548   stm32f4xx_hal_gpio.o
      2438         44          0          0          0      15248   stm32f4xx_hal_i2c.o
        66          0          0          0          0       1127   stm32f4xx_hal_i2c_ex.o
       748          4          0          0          0       4546   stm32f4xx_hal_ltdc.o
       116         12          0          0          0       1344   stm32f4xx_hal_pwr_ex.o
      1420         72          0          0          0       6276   stm32f4xx_hal_rcc.o
       584         38          0          0          0       1824   stm32f4xx_hal_rcc_ex.o
       164          0          0          0          0       3408   stm32f4xx_hal_sdram.o
       144          0          0          0          0       1187   stm32f4xx_hal_spi.o
      1194          8          0          0          0       4599   stm32f4xx_hal_uart.o
        76         16          0          0          0       5170   stm32f4xx_it.o
       276          4          0          0          0       3696   stm32f4xx_ll_fmc.o
        84         18         24          4          0     763787   system_stm32f4xx.o

    ----------------------------------------------------------------------
     23284       1500       7476       5364     161552     943807   Object Totals
         0          0         32          0          0          0   (incl. Generated)
        22          0          4          4          0          0   (incl. Padding)

    ----------------------------------------------------------------------

      Code (inc. data)   RO Data    RW Data    ZI Data      Debug   Library Member Name

       772          8         47          0          0        192   bch15_5.o
       904          0          0          0          0        148   binarize.o
      2056         16         40          0          0        296   codabar.o
      2552         12        244          0          0        300   code128.o
       940         24        208          0          0        284   code39.o
      1412         16         99          0          0        176   code93.o
      6960         74         74         84          0        936   databar.o
      1580         34         36          0          0       1828   decoder.o
      3724         38         52          0          0        148   ean.o
         0          0          0          4          0          0   error.o
      1188          0          0          0          0        140   i25.o
       354          6          0          0          0        984   image.o
      3656        494         42          0          0       1156   img_scanner.o
      1466         10          8          0          0        408   isaac.o
       576          6       8192          0          0        156   pdf417.o
       646         72          0         13     719360        640   qr_decoder_user.o
       364          0          0          0          0        264   qr_finder.o
     26600        232        612          0          0       4868   qrdec.o
       454          0          0          0          0        144   qrdectxt.o
         2          0          0          0          0        116   refcnt.o
      2626         20          0          0          0        760   rs.o
       736          0          0          0          0        884   scanner.o
       666        184         97          0          0       1372   symbol.o
       406          8          0          0          0        384   util.o
        94          0          0          0          0          0   __dclz77c.o
        28          0          0          0          0         76   calloc.o
         0          0          0          0          0          0   entry.o
         0          0          0          0          0          0   entry10a.o
         0          0          0          0          0          0   entry11a.o
         8          4          0          0          0          0   entry2.o
         4          0          0          0          0          0   entry5.o
         0          0          0          0          0          0   entry7b.o
         0          0          0          0          0          0   entry8b.o
         8          4          0          0          0          0   entry9a.o
        30          0          0          0          0          0   handlers.o
        36          8          0          0          0         68   init.o
        98          0          0          0          0         84   ldiv.o
        30          0          0          0          0         68   llshl.o
        36          0          0          0          0         68   llsshr.o
        32          0          0          0          0         68   llushr.o
       360         30          0          0          0        356   mallocr.o
        26          0          0          0          0         80   memcmp.o
        64          0          0          0          0         76   memmovea.o
        36          0          0          0          0        108   memseta.o
         0          0          0          8          0          0   mvars.o
      1232         66          0          0          0        588   printf8.o
       156          0          0          0          0         88   qsort.o
         0          0          0          4          0          0   stderr.o
         0          0          0          4          0          0   stdout.o
        14          0          0          0          0         68   strlen.o
        98          0          0          0          0         92   uldiv.o

    ----------------------------------------------------------------------
     63076       1366       9752        120     719364      18472   Library Totals
        46          0          1          3          4          0   (incl. Padding)

    ----------------------------------------------------------------------

      Code (inc. data)   RO Data    RW Data    ZI Data      Debug   Library Name

     60640       1254       9751        101     719360      16584   QR-Core.lib
      2390        112          0         16          0       1888   mc_w.l

    ----------------------------------------------------------------------
     63076       1366       9752        120     719364      18472   Library Totals

    ----------------------------------------------------------------------

==============================================================================


      Code (inc. data)   RO Data    RW Data    ZI Data      Debug   

     86360       2866      17228       5484     880916     935175   Grand Totals
     86360       2866      17228       4380     880916     935175   ELF Image Totals (compressed)
     86360       2866      17228       4380          0          0   ROM Totals

==============================================================================

    Total RO  Size (Code + RO Data)               103588 ( 101.16kB)
    Total RW  Size (RW Data + ZI Data)            886400 ( 865.63kB)
    Total ROM Size (Code + RO Data + RW Data)     107968 ( 105.44kB)

==============================================================================

